Component: ARM Compiler 5.06 update 5 (build 528) Tool: armlink [4d35e2]

==============================================================================

Section Cross References

    startup_stm32f407xx.o(STACK) refers (Special) to heapauxi.o(.text) for __use_two_region_memory
    startup_stm32f407xx.o(HEAP) refers (Special) to heapauxi.o(.text) for __use_two_region_memory
    startup_stm32f407xx.o(RESET) refers (Special) to heapauxi.o(.text) for __use_two_region_memory
    startup_stm32f407xx.o(RESET) refers to startup_stm32f407xx.o(STACK) for __initial_sp
    startup_stm32f407xx.o(RESET) refers to startup_stm32f407xx.o(.text) for Reset_Handler
    startup_stm32f407xx.o(RESET) refers to stm32f4xx_it.o(i.NMI_Handler) for NMI_Handler
    startup_stm32f407xx.o(RESET) refers to stm32f4xx_it.o(i.HardFault_Handler) for HardFault_Handler
    startup_stm32f407xx.o(RESET) refers to stm32f4xx_it.o(i.MemManage_Handler) for MemManage_Handler
    startup_stm32f407xx.o(RESET) refers to stm32f4xx_it.o(i.BusFault_Handler) for BusFault_Handler
    startup_stm32f407xx.o(RESET) refers to stm32f4xx_it.o(i.UsageFault_Handler) for UsageFault_Handler
    startup_stm32f407xx.o(RESET) refers to stm32f4xx_it.o(i.SVC_Handler) for SVC_Handler
    startup_stm32f407xx.o(RESET) refers to stm32f4xx_it.o(i.DebugMon_Handler) for DebugMon_Handler
    startup_stm32f407xx.o(RESET) refers to stm32f4xx_it.o(i.PendSV_Handler) for PendSV_Handler
    startup_stm32f407xx.o(RESET) refers to stm32f4xx_it.o(i.SysTick_Handler) for SysTick_Handler
    startup_stm32f407xx.o(RESET) refers to stm32f4xx_it.o(i.EXTI3_IRQHandler) for EXTI3_IRQHandler
    startup_stm32f407xx.o(RESET) refers to stm32f4xx_it.o(i.TIM2_IRQHandler) for TIM2_IRQHandler
    startup_stm32f407xx.o(RESET) refers to stm32f4xx_it.o(i.DMA2_Stream2_IRQHandler) for DMA2_Stream2_IRQHandler
    startup_stm32f407xx.o(RESET) refers to stm32f4xx_it.o(i.DMA2_Stream7_IRQHandler) for DMA2_Stream7_IRQHandler
    startup_stm32f407xx.o(.text) refers (Special) to heapauxi.o(.text) for __use_two_region_memory
    startup_stm32f407xx.o(.text) refers to system_stm32f4xx.o(i.SystemInit) for SystemInit
    startup_stm32f407xx.o(.text) refers to __main.o(!!!main) for __main
    startup_stm32f407xx.o(.text) refers to startup_stm32f407xx.o(HEAP) for Heap_Mem
    startup_stm32f407xx.o(.text) refers to startup_stm32f407xx.o(STACK) for Stack_Mem
    w25qxx.o(i.W25QXX_Erase_Chip) refers to w25qxx.o(i.W25QXX_Write_Enable) for W25QXX_Write_Enable
    w25qxx.o(i.W25QXX_Erase_Chip) refers to w25qxx.o(i.W25QXX_Wait_Busy) for W25QXX_Wait_Busy
    w25qxx.o(i.W25QXX_Erase_Chip) refers to stm32f4xx_hal_gpio.o(i.HAL_GPIO_WritePin) for HAL_GPIO_WritePin
    w25qxx.o(i.W25QXX_Erase_Chip) refers to stm32f4xx_hal_spi.o(i.HAL_SPI_Transmit) for HAL_SPI_Transmit
    w25qxx.o(i.W25QXX_Erase_Chip) refers to spi.o(.bss) for hspi1
    w25qxx.o(i.W25QXX_Erase_Sector) refers to w25qxx.o(i.W25QXX_Write_Enable) for W25QXX_Write_Enable
    w25qxx.o(i.W25QXX_Erase_Sector) refers to w25qxx.o(i.W25QXX_Wait_Busy) for W25QXX_Wait_Busy
    w25qxx.o(i.W25QXX_Erase_Sector) refers to stm32f4xx_hal_gpio.o(i.HAL_GPIO_WritePin) for HAL_GPIO_WritePin
    w25qxx.o(i.W25QXX_Erase_Sector) refers to stm32f4xx_hal_spi.o(i.HAL_SPI_Transmit) for HAL_SPI_Transmit
    w25qxx.o(i.W25QXX_Erase_Sector) refers to spi.o(.bss) for hspi1
    w25qxx.o(i.W25QXX_Init) refers to stm32f4xx_hal_gpio.o(i.HAL_GPIO_WritePin) for HAL_GPIO_WritePin
    w25qxx.o(i.W25QXX_Init) refers to w25qxx.o(i.W25QXX_ReadID) for W25QXX_ReadID
    w25qxx.o(i.W25QXX_Init) refers to w25qxx.o(.data) for .data
    w25qxx.o(i.W25QXX_PowerDown) refers to stm32f4xx_hal_gpio.o(i.HAL_GPIO_WritePin) for HAL_GPIO_WritePin
    w25qxx.o(i.W25QXX_PowerDown) refers to stm32f4xx_hal_spi.o(i.HAL_SPI_Transmit) for HAL_SPI_Transmit
    w25qxx.o(i.W25QXX_PowerDown) refers to spi.o(.bss) for hspi1
    w25qxx.o(i.W25QXX_Read) refers to w25qxx.o(i.W25QXX_Wait_Busy) for W25QXX_Wait_Busy
    w25qxx.o(i.W25QXX_Read) refers to stm32f4xx_hal_gpio.o(i.HAL_GPIO_WritePin) for HAL_GPIO_WritePin
    w25qxx.o(i.W25QXX_Read) refers to stm32f4xx_hal_spi.o(i.HAL_SPI_Transmit) for HAL_SPI_Transmit
    w25qxx.o(i.W25QXX_Read) refers to stm32f4xx_hal_spi.o(i.HAL_SPI_Receive) for HAL_SPI_Receive
    w25qxx.o(i.W25QXX_Read) refers to spi.o(.bss) for hspi1
    w25qxx.o(i.W25QXX_ReadID) refers to stm32f4xx_hal_gpio.o(i.HAL_GPIO_WritePin) for HAL_GPIO_WritePin
    w25qxx.o(i.W25QXX_ReadID) refers to stm32f4xx_hal_spi.o(i.HAL_SPI_Transmit) for HAL_SPI_Transmit
    w25qxx.o(i.W25QXX_ReadID) refers to stm32f4xx_hal_spi.o(i.HAL_SPI_Receive) for HAL_SPI_Receive
    w25qxx.o(i.W25QXX_ReadID) refers to spi.o(.bss) for hspi1
    w25qxx.o(i.W25QXX_ReadSR) refers to stm32f4xx_hal_gpio.o(i.HAL_GPIO_WritePin) for HAL_GPIO_WritePin
    w25qxx.o(i.W25QXX_ReadSR) refers to stm32f4xx_hal_spi.o(i.HAL_SPI_Transmit) for HAL_SPI_Transmit
    w25qxx.o(i.W25QXX_ReadSR) refers to stm32f4xx_hal_spi.o(i.HAL_SPI_Receive) for HAL_SPI_Receive
[...]
    i.HAL_UART_TxCpltCallback                0x080026f8   Section        0  stm32f4xx_hal_uart.o(i.HAL_UART_TxCpltCallback)
    i.HAL_UART_TxHalfCpltCallback            0x080026fa   Section        0  stm32f4xx_hal_uart.o(i.HAL_UART_TxHalfCpltCallback)
    i.HardFault_Handler                      0x080026fc   Section        0  stm32f4xx_it.o(i.HardFault_Handler)
    i.LCD_Clear                              0x08002700   Section        0  ili93xx.o(i.LCD_Clear)
    i.LCD_Display_Dir                        0x08002734   Section        0  ili93xx.o(i.LCD_Display_Dir)
    i.LCD_DrawLine                           0x0800280c   Section        0  ili93xx.o(i.LCD_DrawLine)
    i.LCD_DrawPoint                          0x080028a8   Section        0  ili93xx.o(i.LCD_DrawPoint)
    i.LCD_Draw_Circle                        0x080028c4   Section        0  ili93xx.o(i.LCD_Draw_Circle)
    i.LCD_Fast_DrawPoint                     0x08002974   Section        0  ili93xx.o(i.LCD_Fast_DrawPoint)
    i.LCD_Pow                                0x08002a90   Section        0  ili93xx.o(i.LCD_Pow)
    i.LCD_RD_DATA                            0x08002aa0   Section        0  ili93xx.o(i.LCD_RD_DATA)
    i.LCD_SSD_BackLightSet                   0x08002ab4   Section        0  ili93xx.o(i.LCD_SSD_BackLightSet)
    i.LCD_Scan_Dir                           0x08002b04   Section        0  ili93xx.o(i.LCD_Scan_Dir)
    i.LCD_SetCursor                          0x08002cbc   Section        0  ili93xx.o(i.LCD_SetCursor)
    i.LCD_ShowChar                           0x08002dc0   Section        0  ili93xx.o(i.LCD_ShowChar)
    i.LCD_ShowString                         0x08002ea4   Section        0  ili93xx.o(i.LCD_ShowString)
    i.LCD_ShowxNum                           0x08002ef8   Section        0  ili93xx.o(i.LCD_ShowxNum)
    i.LCD_WR_DATA                            0x08002f7e   Section        0  ili93xx.o(i.LCD_WR_DATA)
    i.LCD_WR_REG                             0x08002f96   Section        0  ili93xx.o(i.LCD_WR_REG)
    i.LCD_WriteRAM_Prepare                   0x08002fb0   Section        0  ili93xx.o(i.LCD_WriteRAM_Prepare)
    i.LCD_WriteReg                           0x08002fc4   Section        0  ili93xx.o(i.LCD_WriteReg)
    i.MX_ADC1_Init                           0x08002fd0   Section        0  adc.o(i.MX_ADC1_Init)
    i.MX_DMA_Init                            0x08003034   Section        0  dma.o(i.MX_DMA_Init)
    i.MX_FSMC_Init                           0x08003070   Section        0  fsmc.o(i.MX_FSMC_Init)
    i.MX_GPIO_Init                           0x080030f8   Section        0  gpio.o(i.MX_GPIO_Init)
    i.MX_SPI1_Init                           0x08003228   Section        0  spi.o(i.MX_SPI1_Init)
    i.MX_TIM14_Init                          0x08003270   Section        0  tim.o(i.MX_TIM14_Init)
    i.MX_TIM2_Init                           0x080032d8   Section        0  tim.o(i.MX_TIM2_Init)
    i.MX_TIM7_Init                           0x08003374   Section        0  tim.o(i.MX_TIM7_Init)
    i.MX_USART1_UART_Init                    0x080033b8   Section        0  usart.o(i.MX_USART1_UART_Init)
    i.MemManage_Handler                      0x080033f0   Section        0  stm32f4xx_it.o(i.MemManage_Handler)
    i.NMI_Handler                            0x080033f2   Section        0  stm32f4xx_it.o(i.NMI_Handler)
    i.PendSV_Handler                         0x080033f4   Section        0  stm32f4xx_it.o(i.PendSV_Handler)
    i.SPI_EndRxTransaction                   0x080033f6   Section        0  stm32f4xx_hal_spi.o(i.SPI_EndRxTransaction)
    SPI_EndRxTransaction                     0x080033f7   Thumb Code    92  stm32f4xx_hal_spi.o(i.SPI_EndRxTransaction)
    i.SPI_EndRxTxTransaction                 0x08003454   Section        0  stm32f4xx_hal_spi.o(i.SPI_EndRxTxTransaction)
    SPI_EndRxTxTransaction                   0x08003455   Thumb Code    80  stm32f4xx_hal_spi.o(i.SPI_EndRxTxTransaction)
    i.SPI_WaitFlagStateUntilTimeout          0x080034ac   Section        0  stm32f4xx_hal_spi.o(i.SPI_WaitFlagStateUntilTimeout)
    SPI_WaitFlagStateUntilTimeout            0x080034ad   Thumb Code   180  stm32f4xx_hal_spi.o(i.SPI_WaitFlagStateUntilTimeout)
    i.SVC_Handler                            0x08003564   Section        0  stm32f4xx_it.o(i.SVC_Handler)
    i.SysTick_Handler                        0x08003566   Section        0  stm32f4xx_it.o(i.SysTick_Handler)
    i.SystemClock_Config                     0x0800356c   Section        0  main.o(i.SystemClock_Config)
    i.SystemInit                             0x08003600   Section        0  system_stm32f4xx.o(i.SystemInit)
    i.TFTLCD_Init                            0x08003610   Section        0  ili93xx.o(i.TFTLCD_Init)
    i.TIM2_IRQHandler                        0x08005914   Section        0  stm32f4xx_it.o(i.TIM2_IRQHandler)
    i.TIM_Base_SetConfig                     0x08005920   Section        0  stm32f4xx_hal_tim.o(i.TIM_Base_SetConfig)
    i.TIM_CCxChannelCmd                      0x080059e8   Section        0  stm32f4xx_hal_tim.o(i.TIM_CCxChannelCmd)
    i.TIM_ETR_SetConfig                      0x08005a02   Section        0  stm32f4xx_hal_tim.o(i.TIM_ETR_SetConfig)
    i.TIM_ITRx_SetConfig                     0x08005a16   Section        0  stm32f4xx_hal_tim.o(i.TIM_ITRx_SetConfig)
    TIM_ITRx_SetConfig                       0x08005a17   Thumb Code    16  stm32f4xx_hal_tim.o(i.TIM_ITRx_SetConfig)
    i.TIM_OC1_SetConfig                      0x08005a28   Section        0  stm32f4xx_hal_tim.o(i.TIM_OC1_SetConfig)
    TIM_OC1_SetConfig                        0x08005a29   Thumb Code    88  stm32f4xx_hal_tim.o(i.TIM_OC1_SetConfig)
    i.TIM_OC2_SetConfig                      0x08005a88   Section        0  stm32f4xx_hal_tim.o(i.TIM_OC2_SetConfig)
    i.TIM_OC3_SetConfig                      0x08005af4   Section        0  stm32f4xx_hal_tim.o(i.TIM_OC3_SetConfig)
    TIM_OC3_SetConfig                        0x08005af5   Thumb Code    96  stm32f4xx_hal_tim.o(i.TIM_OC3_SetConfig)
    i.TIM_OC4_SetConfig                      0x08005b5c   Section        0  stm32f4xx_hal_tim.o(i.TIM_OC4_SetConfig)
    TIM_OC4_SetConfig                        0x08005b5d   Thumb Code    70  stm32f4xx_hal_tim.o(i.TIM_OC4_SetConfig)
    i.TIM_TI1_ConfigInputStage               0x08005bac   Section        0  stm32f4xx_hal_tim.o(i.TIM_TI1_ConfigInputStage)
    TIM_TI1_ConfigInputStage                 0x08005bad   Thumb Code    34  stm32f4xx_hal_tim.o(i.TIM_TI1_ConfigInputStage)
    i.TIM_TI2_ConfigInputStage               0x08005bce   Section        0  stm32f4xx_hal_tim.o(i.TIM_TI2_ConfigInputStage)
    TIM_TI2_ConfigInputStage                 0x08005bcf   Thumb Code    36  stm32f4xx_hal_tim.o(i.TIM_TI2_ConfigInputStage)
    i.TP_Adjust                              0x08005bf4   Section        0  touch.o(i.TP_Adjust)
    i.TP_Drow_Touch_Point                    0x08006058   Section        0  touch.o(i.TP_Drow_Touch_Point)
    i.TP_Get_Adjdata                         0x080060c8   Section        0  touch.o(i.TP_Get_Adjdata)
    i.TP_Init                                0x08006164   Section        0  touch.o(i.TP_Init)
    i.TP_Read_AD                             0x080061a0   Section        0  touch.o(i.TP_Read_AD)
    i.TP_Read_XOY                            0x08006260   Section        0  touch.o(i.TP_Read_XOY)
    i.TP_Read_XY                             0x080062c4   Section        0  touch.o(i.TP_Read_XY)
    i.TP_Read_XY2                            0x080062ec   Section        0  touch.o(i.TP_Read_XY2)
    i.TP_Save_Adjdata                        0x08006368   Section        0  touch.o(i.TP_Save_Adjdata)
    i.TP_Scan                                0x080063dc   Section        0  touch.o(i.TP_Scan)
    i.TP_Write_Byte                          0x0800648c   Section        0  touch.o(i.TP_Write_Byte)
    i.UART_DMAError                          0x080064e4   Section        0  stm32f4xx_hal_uart.o(i.UART_DMAError)
    UART_DMAError                            0x080064e5   Thumb Code    74  stm32f4xx_hal_uart.o(i.UART_DMAError)
    i.UART_DMAReceiveCplt                    0x0800652e   Section        0  stm32f4xx_hal_uart.o(i.UART_DMAReceiveCplt)
    UART_DMAReceiveCplt                      0x0800652f   Thumb Code   130  stm32f4xx_hal_uart.o(i.UART_DMAReceiveCplt)
    i.UART_DMARxHalfCplt                     0x080065b0   Section        0  stm32f4xx_hal_uart.o(i.UART_DMARxHalfCplt)
    UART_DMARxHalfCplt                       0x080065b1   Thumb Code    26  stm32f4xx_hal_uart.o(i.UART_DMARxHalfCplt)
    i.UART_DMATransmitCplt                   0x080065ca   Section        0  stm32f4xx_hal_uart.o(i.UART_DMATransmitCplt)
    UART_DMATransmitCplt                     0x080065cb   Thumb Code    66  stm32f4xx_hal_uart.o(i.UART_DMATransmitCplt)
    i.UART_DMATxHalfCplt                     0x0800660c   Section        0  stm32f4xx_hal_uart.o(i.UART_DMATxHalfCplt)
    UART_DMATxHalfCplt                       0x0800660d   Thumb Code    10  stm32f4xx_hal_uart.o(i.UART_DMATxHalfCplt)
    i.UART_EndRxTransfer                     0x08006616   Section        0  stm32f4xx_hal_uart.o(i.UART_EndRxTransfer)
    UART_EndRxTransfer                       0x08006617   Thumb Code    78  stm32f4xx_hal_uart.o(i.UART_EndRxTransfer)
    i.UART_EndTxTransfer                     0x08006664   Section        0  stm32f4xx_hal_uart.o(i.UART_EndTxTransfer)
    UART_EndTxTransfer                       0x08006665   Thumb Code    28  stm32f4xx_hal_uart.o(i.UART_EndTxTransfer)
    i.UART_SetConfig                         0x08006680   Section        0  stm32f4xx_hal_uart.o(i.UART_SetConfig)
    UART_SetConfig                           0x08006681   Thumb Code   258  stm32f4xx_hal_uart.o(i.UART_SetConfig)
    i.UART_Start_Receive_DMA                 0x0800678c   Section        0  stm32f4xx_hal_uart.o(i.UART_Start_Receive_DMA)
    i.UsageFault_Handler                     0x08006820   Section        0  stm32f4xx_it.o(i.UsageFault_Handler)
    i.W25QXX_Erase_Sector                    0x08006824   Section        0  w25qxx.o(i.W25QXX_Erase_Sector)
    i.W25QXX_Init                            0x0800687c   Section        0  w25qxx.o(i.W25QXX_Init)
    i.W25QXX_Read                            0x0800689c   Section        0  w25qxx.o(i.W25QXX_Read)
    i.W25QXX_ReadID                          0x08006914   Section        0  w25qxx.o(i.W25QXX_ReadID)
    i.W25QXX_ReadSR                          0x08006970   Section        0  w25qxx.o(i.W25QXX_ReadSR)
    i.W25QXX_Wait_Busy                       0x080069b8   Section        0  w25qxx.o(i.W25QXX_Wait_Busy)
    W25QXX_Wait_Busy                         0x080069b9   Thumb Code    14  w25qxx.o(i.W25QXX_Wait_Busy)
    i.W25QXX_Write                           0x080069c8   Section        0  w25qxx.o(i.W25QXX_Write)
    i.W25QXX_Write_Enable                    0x08006a64   Section        0  w25qxx.o(i.W25QXX_Write_Enable)
    i.W25QXX_Write_NoCheck                   0x08006aa0   Section        0  w25qxx.o(i.W25QXX_Write_NoCheck)
    i.W25QXX_Write_Page                      0x08006ae0   Section        0  w25qxx.o(i.W25QXX_Write_Page)
    i.__NVIC_SetPriority                     0x08006b48   Section        0  stm32f4xx_hal_cortex.o(i.__NVIC_SetPriority)
    __NVIC_SetPriority                       0x08006b49   Thumb Code    32  stm32f4xx_hal_cortex.o(i.__NVIC_SetPriority)
    i.__hardfp_sqrt                          0x08006b68   Section        0  sqrt.o(i.__hardfp_sqrt)
    i.delay_us                               0x08006be4   Section        0  tim.o(i.delay_us)
    i.main                                   0x08006c14   Section        0  main.o(i.main)
    x$fpl$dcmpinf                            0x08006d20   Section       24  dcmpi.o(x$fpl$dcmpinf)
    $v0                                      0x08006d20   Number         0  dcmpi.o(x$fpl$dcmpinf)
    x$fpl$dfixu                              0x08006d38   Section       90  dfixu.o(x$fpl$dfixu)
    $v0                                      0x08006d38   Number         0  dfixu.o(x$fpl$dfixu)
    x$fpl$dfltu                              0x08006d92   Section       38  dflt_clz.o(x$fpl$dfltu)
    $v0                                      0x08006d92   Number         0  dflt_clz.o(x$fpl$dfltu)
    x$fpl$dleqf                              0x08006db8   Section      120  dleqf.o(x$fpl$dleqf)
    $v0                                      0x08006db8   Number         0  dleqf.o(x$fpl$dleqf)
    x$fpl$dmul                               0x08006e30   Section      340  dmul.o(x$fpl$dmul)
    $v0                                      0x08006e30   Number         0  dmul.o(x$fpl$dmul)
    x$fpl$dnaninf                            0x08006f84   Section      156  dnaninf.o(x$fpl$dnaninf)
    $v0                                      0x08006f84   Number         0  dnaninf.o(x$fpl$dnaninf)
    x$fpl$dretinf                            0x08007020   Section       12  dretinf.o(x$fpl$dretinf)
    $v0                                      0x08007020   Number         0  dretinf.o(x$fpl$dretinf)
    x$fpl$drleqf                             0x0800702c   Section      108  drleqf.o(x$fpl$drleqf)
    $v0                                      0x0800702c   Number         0  drleqf.o(x$fpl$drleqf)
    x$fpl$dsqrt                              0x08007098   Section      408  dsqrt_umaal.o(x$fpl$dsqrt)
    $v0                                      0x08007098   Number         0  dsqrt_umaal.o(x$fpl$dsqrt)
    x$fpl$f2d                                0x08007230   Section       86  f2d.o(x$fpl$f2d)
    $v0                                      0x08007230   Number         0  f2d.o(x$fpl$f2d)
    x$fpl$fnaninf                            0x08007286   Section      140  fnaninf.o(x$fpl$fnaninf)
    $v0                                      0x08007286   Number         0  fnaninf.o(x$fpl$fnaninf)
    x$fpl$fpinit                             0x08007312   Section       10  fpinit.o(x$fpl$fpinit)
    $v0                                      0x08007312   Number         0  fpinit.o(x$fpl$fpinit)
    .constdata                               0x0800731c   Section    18240  ili93xx.o(.constdata)
    x$fpl$usenofp                            0x0800731c   Section        0  usenofp.o(x$fpl$usenofp)
    .constdata                               0x0800ba5c   Section        8  stm32f4xx_hal_dma.o(.constdata)
    flagBitshiftOffset                       0x0800ba5c   Data           8  stm32f4xx_hal_dma.o(.constdata)
    .constdata                               0x0800ba64   Section       16  system_stm32f4xx.o(.constdata)
    .constdata                               0x0800ba74   Section        8  system_stm32f4xx.o(.constdata)
    .data                                    0x20000000   Section        2  w25qxx.o(.data)
    .data                                    0x20000004   Section        8  ili93xx.o(.data)
    .data                                    0x2000000c   Section       64  touch.o(.data)
    .data                                    0x2000004c   Section        9  main.o(.data)
    .data                                    0x20000058   Section        8  fsmc.o(.data)
    FSMC_Initialized                         0x20000058   Data           4  fsmc.o(.data)
    FSMC_DeInitialized                       0x2000005c   Data           4  fsmc.o(.data)
    .data                                    0x20000060   Section       12  stm32f4xx_hal.o(.data)
    .data                                    0x2000006c   Section        4  system_stm32f4xx.o(.data)
    .bss                                     0x20000070   Section     4096  w25qxx.o(.bss)
    .bss                                     0x20001070   Section       14  ili93xx.o(.bss)
    .bss                                     0x20001080   Section       72  adc.o(.bss)
    .bss                                     0x200010c8   Section       80  fsmc.o(.bss)
    .bss                                     0x20001118   Section       88  spi.o(.bss)
    .bss                                     0x20001170   Section      216  tim.o(.bss)
    .bss                                     0x20001248   Section      260  usart.o(.bss)
    .bss                                     0x2000134c   Section       96  libspace.o(.bss)
    HEAP                                     0x200013b0   Section      512  startup_stm32f407xx.o(HEAP)
    Heap_Mem                                 0x200013b0   Data         512  startup_stm32f407xx.o(HEAP)
    STACK                                    0x200015b0   Section     1024  startup_stm32f407xx.o(STACK)
    Stack_Mem                                0x200015b0   Data        1024  startup_stm32f407xx.o(STACK)
    __initial_sp                             0x200019b0   Data           0  startup_stm32f407xx.o(STACK)

    Global Symbols

    Symbol Name                              Value     Ov Type        Size  Object(Section)

    BuildAttributes$$THM_ISAv4$E$P$D$K$B$S$7EM$VFPi3$EXTD16$VFPS$VFMA$PE$A:L22UL41UL21$X:L11$S22US41US21$IEEE1$IW$USESV6$~STKCKD$USESV7$~SHL$OTIME$ROPI$IEEEJ$EBA8$UX$STANDARDLIB$REQ8$PRES8$EABIv2 0x00000000   Number         0  anon$$obj.o ABSOLUTE
    __ARM_use_no_argv                        0x00000000   Number         0  main.o ABSOLUTE
    __ARM_exceptions_init                     - Undefined Weak Reference
    __alloca_initialize                       - Undefined Weak Reference
    __arm_preinit_                            - Undefined Weak Reference
    __cpp_initialize__aeabi_                  - Undefined Weak Reference
    __cxa_finalize                            - Undefined Weak Reference
    __rt_locale                               - Undefined Weak Reference
    __sigvec_lookup                           - Undefined Weak Reference
    __user_heap_extent                        - Undefined Weak Reference
    _atexit_init                              - Undefined Weak Reference
    _call_atexit_fns                          - Undefined Weak Reference
    _clock_init                               - Undefined Weak Reference
    _fp_trap_init                             - Undefined Weak Reference
    _fp_trap_shutdown                         - Undefined Weak Reference
    _get_lc_collate                           - Undefined Weak Reference
    _get_lc_ctype                             - Undefined Weak Reference
    _get_lc_monetary                          - Undefined Weak Reference
    _get_lc_numeric                           - Undefined Weak Reference
    _get_lc_time                              - Undefined Weak Reference
    _getenv_init                              - Undefined Weak Reference
    _handle_redirection                       - Undefined Weak Reference
    _mutex_acquire                            - Undefined Weak Reference
    _mutex_free                               - Undefined Weak Reference
    _mutex_release                            - Undefined Weak Reference
    _rand_init                                - Undefined Weak Reference
    _signal_finish                            - Undefined Weak Reference
    _signal_init                              - Undefined Weak Reference
    __Vectors_Size                           0x00000188   Number         0  startup_stm32f407xx.o ABSOLUTE
    __Vectors                                0x08000000   Data           4  startup_stm32f407xx.o(RESET)
    __Vectors_End                            0x08000188   Data           0  startup_stm32f407xx.o(RESET)
    __main                                   0x08000189   Thumb Code     8  __main.o(!!!main)
    __scatterload                            0x08000191   Thumb Code     0  __scatter.o(!!!scatter)
    __scatterload_rt2                        0x08000191   Thumb Code    44  __scatter.o(!!!scatter)
    __scatterload_rt2_thumb_only             0x08000191   Thumb Code     0  __scatter.o(!!!scatter)
    __scatterload_null                       0x0800019f   Thumb Code     0  __scatter.o(!!!scatter)
    __scatterload_copy                       0x080001c5   Thumb Code    26  __scatter_copy.o(!!handler_copy)
    __scatterload_zeroinit                   0x080001e1   Thumb Code    28  __scatter_zi.o(!!handler_zi)
    __rt_lib_init                            0x080001fd   Thumb Code     0  libinit.o(.ARM.Collect$$libinit$$00000000)
    __rt_lib_init_fp_1                       0x080001ff   Thumb Code     0  libinit2.o(.ARM.Collect$$libinit$$00000001)
    __rt_lib_init_alloca_1                   0x08000203   Thumb Code     0  libinit2.o(.ARM.Collect$$libinit$$0000002E)
    __rt_lib_init_argv_1                     0x08000203   Thumb Code     0  libinit2.o(.ARM.Collect$$libinit$$0000002C)
    __rt_lib_init_atexit_1                   0x08000203   Thumb Code     0  libinit2.o(.ARM.Collect$$libinit$$0000001B)
    __rt_lib_init_clock_1                    0x08000203   Thumb Code     0  libinit2.o(.ARM.Collect$$libinit$$00000021)
    __rt_lib_init_cpp_1                      0x08000203   Thumb Code     0  libinit2.o(.ARM.Collect$$libinit$$00000032)
    __rt_lib_init_exceptions_1               0x08000203   Thumb Code     0  libinit2.o(.ARM.Collect$$libinit$$00000030)
    __rt_lib_init_fp_trap_1                  0x08000203   Thumb Code     0  libinit2.o(.ARM.Collect$$libinit$$0000001F)
    __rt_lib_init_getenv_1                   0x08000203   Thumb Code     0  libinit2.o(.ARM.Collect$$libinit$$00000023)
    __rt_lib_init_heap_1                     0x08000203   Thumb Code     0  libinit2.o(.ARM.Collect$$libinit$$0000000A)
    __rt_lib_init_lc_collate_1               0x08000203   Thumb Code     0  libinit2.o(.ARM.Collect$$libinit$$00000011)
    __rt_lib_init_lc_ctype_1                 0x08000203   Thumb Code     0  libinit2.o(.ARM.Collect$$libinit$$00000013)
    __rt_lib_init_lc_monetary_1              0x08000203   Thumb Code     0  libinit2.o(.ARM.Collect$$libinit$$00000015)
    __rt_lib_init_lc_numeric_1               0x08000203   Thumb Code     0  libinit2.o(.ARM.Collect$$libinit$$00000017)
    __rt_lib_init_lc_time_1                  0x08000203   Thumb Code     0  libinit2.o(.ARM.Collect$$libinit$$00000019)
    __rt_lib_init_preinit_1                  0x08000203   Thumb Code     0  libinit2.o(.ARM.Collect$$libinit$$00000004)
    __rt_lib_init_rand_1                     0x08000203   Thumb Code     0  libinit2.o(.ARM.Collect$$libinit$$0000000E)
    __rt_lib_init_return                     0x08000203   Thumb Code     0  libinit2.o(.ARM.Collect$$libinit$$00000033)
    __rt_lib_init_signal_1                   0x08000203   Thumb Code     0  libinit2.o(.ARM.Collect$$libinit$$0000001D)
    __rt_lib_init_stdio_1                    0x08000203   Thumb Code     0  libinit2.o(.ARM.Collect$$libinit$$00000025)
    __rt_lib_init_user_alloc_1               0x08000203   Thumb Code     0  libinit2.o(.ARM.Collect$$libinit$$0000000C)
    __rt_lib_shutdown                        0x08000205   Thumb Code     0  libshutdown.o(.ARM.Collect$$libshutdown$$00000000)
    __rt_lib_shutdown_cpp_1                  0x08000207   Thumb Code     0  libshutdown2.o(.ARM.Collect$$libshutdown$$00000002)
    __rt_lib_shutdown_fp_trap_1              0x08000207   Thumb Code     0  libshutdown2.o(.ARM.Collect$$libshutdown$$00000007)
    __rt_lib_shutdown_heap_1                 0x08000207   Thumb Code     0  libshutdown2.o(.ARM.Collect$$libshutdown$$0000000F)
    __rt_lib_shutdown_return                 0x08000207   Thumb Code     0  libshutdown2.o(.ARM.Collect$$libshutdown$$00000010)
    __rt_lib_shutdown_signal_1               0x08000207   Thumb Code     0  libshutdown2.o(.ARM.Collect$$libshutdown$$0000000A)
    __rt_lib_shutdown_stdio_1                0x08000207   Thumb Code     0  libshutdown2.o(.ARM.Collect$$libshutdown$$00000004)
    __rt_lib_shutdown_user_alloc_1           0x08000207   Thumb Code     0  libshutdown2.o(.ARM.Collect$$libshutdown$$0000000C)
    __rt_entry                               0x08000209   Thumb Code     0  __rtentry.o(.ARM.Collect$$rtentry$$00000000)
    __rt_entry_presh_1                       0x08000209   Thumb Code     0  __rtentry2.o(.ARM.Collect$$rtentry$$00000002)
    __rt_entry_sh                            0x08000209   Thumb Code     0  __rtentry4.o(.ARM.Collect$$rtentry$$00000004)
    __rt_entry_li                            0x0800020f   Thumb Code     0  __rtentry2.o(.ARM.Collect$$rtentry$$0000000A)
    __rt_entry_postsh_1                      0x0800020f   Thumb Code     0  __rtentry2.o(.ARM.Collect$$rtentry$$00000009)
    __rt_entry_main                          0x08000213   Thumb Code     0  __rtentry2.o(.ARM.Collect$$rtentry$$0000000D)
    __rt_entry_postli_1                      0x08000213   Thumb Code     0  __rtentry2.o(.ARM.Collect$$rtentry$$0000000C)
    __rt_exit                                0x0800021b   Thumb Code     0  rtexit.o(.ARM.Collect$$rtexit$$00000000)
    __rt_exit_ls                             0x0800021d   Thumb Code     0  rtexit2.o(.ARM.Collect$$rtexit$$00000003)
    __rt_exit_prels_1                        0x0800021d   Thumb Code     0  rtexit2.o(.ARM.Collect$$rtexit$$00000002)
    __rt_exit_exit                           0x08000221   Thumb Code     0  rtexit2.o(.ARM.Collect$$rtexit$$00000004)
    Reset_Handler                            0x08000229   Thumb Code     8  startup_stm32f407xx.o(.text)
    ADC_IRQHandler                           0x08000243   Thumb Code     0  startup_stm32f407xx.o(.text)
    CAN1_RX0_IRQHandler                      0x08000243   Thumb Code     0  startup_stm32f407xx.o(.text)
    CAN1_RX1_IRQHandler                      0x08000243   Thumb Code     0  startup_stm32f407xx.o(.text)
    CAN1_SCE_IRQHandler                      0x08000243   Thumb Code     0  startup_stm32f407xx.o(.text)
    CAN1_TX_IRQHandler                       0x08000243   Thumb Code     0  startup_stm32f407xx.o(.text)
    CAN2_RX0_IRQHandler                      0x08000243   Thumb Code     0  startup_stm32f407xx.o(.text)
    CAN2_RX1_IRQHandler                      0x08000243   Thumb Code     0  startup_stm32f407xx.o(.text)
    CAN2_SCE_IRQHandler                      0x08000243   Thumb Code     0  startup_stm32f407xx.o(.text)
    CAN2_TX_IRQHandler                       0x08000243   Thumb Code     0  startup_stm32f407xx.o(.text)
    DCMI_IRQHandler                          0x08000243   Thumb Code     0  startup_stm32f407xx.o(.text)
    DMA1_Stream0_IRQHandler                  0x08000243   Thumb Code     0  startup_stm32f407xx.o(.text)
    DMA1_Stream1_IRQHandler                  0x08000243   Thumb Code     0  startup_stm32f407xx.o(.text)
    DMA1_Stream2_IRQHandler                  0x08000243   Thumb Code     0  startup_stm32f407xx.o(.text)
    DMA1_Stream3_IRQHandler                  0x08000243   Thumb Code     0  startup_stm32f407xx.o(.text)
    DMA1_Stream4_IRQHandler                  0x08000243   Thumb Code     0  startup_stm32f407xx.o(.text)
    DMA1_Stream5_IRQHandler                  0x08000243   Thumb Code     0  startup_stm32f407xx.o(.text)
    DMA1_Stream6_IRQHandler                  0x08000243   Thumb Code     0  startup_stm32f407xx.o(.text)
    DMA1_Stream7_IRQHandler                  0x08000243   Thumb Code     0  startup_stm32f407xx.o(.text)
    DMA2_Stream0_IRQHandler                  0x08000243   Thumb Code     0  startup_stm32f407xx.o(.text)
    DMA2_Stream1_IRQHandler                  0x08000243   Thumb Code     0  startup_stm32f407xx.o(.text)
    DMA2_Stream3_IRQHandler                  0x08000243   Thumb Code     0  startup_stm32f407xx.o(.text)
    DMA2_Stream4_IRQHandler                  0x08000243   Thumb Code     0  startup_stm32f407xx.o(.text)
    DMA2_Stream5_IRQHandler                  0x08000243   Thumb Code     0  startup_stm32f407xx.o(.text)
    DMA2_Stream6_IRQHandler                  0x08000243   Thumb Code     0  startup_stm32f407xx.o(.text)
    ETH_IRQHandler                           0x08000243   Thumb Code     0  startup_stm32f407xx.o(.text)
    ETH_WKUP_IRQHandler                      0x08000243   Thumb Code     0  startup_stm32f407xx.o(.text)
    EXTI0_IRQHandler                         0x08000243   Thumb Code     0  startup_stm32f407xx.o(.text)
    EXTI15_10_IRQHandler                     0x08000243   Thumb Code     0  startup_stm32f407xx.o(.text)
    EXTI1_IRQHandler                         0x08000243   Thumb Code     0  startup_stm32f407xx.o(.text)
    EXTI2_IRQHandler                         0x08000243   Thumb Code     0  startup_stm32f407xx.o(.text)
    EXTI4_IRQHandler                         0x08000243   Thumb Code     0  startup_stm32f407xx.o(.text)
    EXTI9_5_IRQHandler                       0x08000243   Thumb Code     0  startup_stm32f407xx.o(.text)
    FLASH_IRQHandler                         0x08000243   Thumb Code     0  startup_stm32f407xx.o(.text)
    FMC_IRQHandler                           0x08000243   Thumb Code     0  startup_stm32f407xx.o(.text)
    FPU_IRQHandler                           0x08000243   Thumb Code     0  startup_stm32f407xx.o(.text)
    HASH_RNG_IRQHandler                      0x08000243   Thumb Code     0  startup_stm32f407xx.o(.text)
    I2C1_ER_IRQHandler                       0x08000243   Thumb Code     0  startup_stm32f407xx.o(.text)
    I2C1_EV_IRQHandler                       0x08000243   Thumb Code     0  startup_stm32f407xx.o(.text)
    I2C2_ER_IRQHandler                       0x08000243   Thumb Code     0  startup_stm32f407xx.o(.text)
    I2C2_EV_IRQHandler                       0x08000243   Thumb Code     0  startup_stm32f407xx.o(.text)
    I2C3_ER_IRQHandler                       0x08000243   Thumb Code     0  startup_stm32f407xx.o(.text)
    I2C3_EV_IRQHandler                       0x08000243   Thumb Code     0  startup_stm32f407xx.o(.text)
    OTG_FS_IRQHandler                        0x08000243   Thumb Code     0  startup_stm32f407xx.o(.text)
    OTG_FS_WKUP_IRQHandler                   0x08000243   Thumb Code     0  startup_stm32f407xx.o(.text)
    OTG_HS_EP1_IN_IRQHandler                 0x08000243   Thumb Code     0  startup_stm32f407xx.o(.text)
    OTG_HS_EP1_OUT_IRQHandler                0x08000243   Thumb Code     0  startup_stm32f407xx.o(.text)
    OTG_HS_IRQHandler                        0x08000243   Thumb Code     0  startup_stm32f407xx.o(.text)
    OTG_HS_WKUP_IRQHandler                   0x08000243   Thumb Code     0  startup_stm32f407xx.o(.text)
    PVD_IRQHandler                           0x08000243   Thumb Code     0  startup_stm32f407xx.o(.text)
    RCC_IRQHandler                           0x08000243   Thumb Code     0  startup_stm32f407xx.o(.text)
    RTC_Alarm_IRQHandler                     0x08000243   Thumb Code     0  startup_stm32f407xx.o(.text)
    RTC_WKUP_IRQHandler                      0x08000243   Thumb Code     0  startup_stm32f407xx.o(.text)
    SDIO_IRQHandler                          0x08000243   Thumb Code     0  startup_stm32f407xx.o(.text)
    SPI1_IRQHandler                          0x08000243   Thumb Code     0  startup_stm32f407xx.o(.text)
    SPI2_IRQHandler                          0x08000243   Thumb Code     0  startup_stm32f407xx.o(.text)
    SPI3_IRQHandler                          0x08000243   Thumb Code     0  startup_stm32f407xx.o(.text)
    TAMP_STAMP_IRQHandler                    0x08000243   Thumb Code     0  startup_stm32f407xx.o(.text)
    TIM1_BRK_TIM9_IRQHandler                 0x08000243   Thumb Code     0  startup_stm32f407xx.o(.text)
    TIM1_CC_IRQHandler                       0x08000243   Thumb Code     0  startup_stm32f407xx.o(.text)
    TIM1_TRG_COM_TIM11_IRQHandler            0x08000243   Thumb Code     0  startup_stm32f407xx.o(.text)
    TIM1_UP_TIM10_IRQHandler                 0x08000243   Thumb Code     0  startup_stm32f407xx.o(.text)
    TIM3_IRQHandler                          0x08000243   Thumb Code     0  startup_stm32f407xx.o(.text)
    TIM4_IRQHandler                          0x08000243   Thumb Code     0  startup_stm32f407xx.o(.text)
    TIM5_IRQHandler                          0x08000243   Thumb Code     0  startup_stm32f407xx.o(.text)
    TIM6_DAC_IRQHandler                      0x08000243   Thumb Code     0  startup_stm32f407xx.o(.text)
    TIM7_IRQHandler                          0x08000243   Thumb Code     0  startup_stm32f407xx.o(.text)
    TIM8_BRK_TIM12_IRQHandler                0x08000243   Thumb Code     0  startup_stm32f407xx.o(.text)
    TIM8_CC_IRQHandler                       0x08000243   Thumb Code     0  startup_stm32f407xx.o(.text)
    TIM8_TRG_COM_TIM14_IRQHandler            0x08000243   Thumb Code     0  startup_stm32f407xx.o(.text)
    TIM8_UP_TIM13_IRQHandler                 0x08000243   Thumb Code     0  startup_stm32f407xx.o(.text)
    UART4_IRQHandler                         0x08000243   Thumb Code     0  startup_stm32f407xx.o(.text)
    UART5_IRQHandler                         0x08000243   Thumb Code     0  startup_stm32f407xx.o(.text)
    USART1_IRQHandler                        0x08000243   Thumb Code     0  startup_stm32f407xx.o(.text)
    USART2_IRQHandler                        0x08000243   Thumb Code     0  startup_stm32f407xx.o(.text)
    USART3_IRQHandler                        0x08000243   Thumb Code     0  startup_stm32f407xx.o(.text)
    USART6_IRQHandler                        0x08000243   Thumb Code     0  startup_stm32f407xx.o(.text)
    WWDG_IRQHandler                          0x08000243   Thumb Code     0  startup_stm32f407xx.o(.text)
    __user_initial_stackheap                 0x08000245   Thumb Code     0  startup_stm32f407xx.o(.text)
    __aeabi_uldivmod                         0x08000269   Thumb Code     0  lludivv7m.o(.text)
    _ll_udiv                                 0x08000269   Thumb Code   238  lludivv7m.o(.text)
    __aeabi_memclr4                          0x08000357   Thumb Code     0  rt_memclr_w.o(.text)
    __aeabi_memclr8                          0x08000357   Thumb Code     0  rt_memclr_w.o(.text)
    __rt_memclr_w                            0x08000357   Thumb Code    78  rt_memclr_w.o(.text)
    _memset_w                                0x0800035b   Thumb Code     0  rt_memclr_w.o(.text)
    __use_two_region_memory                  0x080003a5   Thumb Code     2  heapauxi.o(.text)
    __rt_heap_escrow                         0x080003a7   Thumb Code     2  heapauxi.o(.text)
    __rt_heap_expand                         0x080003a9   Thumb Code     2  heapauxi.o(.text)
    __read_errno                             0x080003ab   Thumb Code    10  _rserrno.o(.text)
    __set_errno                              0x080003b5   Thumb Code    12  _rserrno.o(.text)
    __aeabi_errno_addr                       0x080003c1   Thumb Code     8  rt_errno_addr_intlibspace.o(.text)
    __errno$intlibspace                      0x080003c1   Thumb Code     0  rt_errno_addr_intlibspace.o(.text)
    __rt_errno_addr$intlibspace              0x080003c1   Thumb Code     0  rt_errno_addr_intlibspace.o(.text)
    __user_libspace                          0x080003c9   Thumb Code     8  libspace.o(.text)
    __user_perproc_libspace                  0x080003c9   Thumb Code     0  libspace.o(.text)
    __user_perthread_libspace                0x080003c9   Thumb Code     0  libspace.o(.text)
    __user_setup_stackheap                   0x080003d1   Thumb Code    74  sys_stackheap_outer.o(.text)
    exit                                     0x0800041b   Thumb Code    18  exit.o(.text)
    __I$use$semihosting                      0x0800042d   Thumb Code     0  use_no_semi.o(.text)
    __use_no_semihosting_swi                 0x0800042d   Thumb Code     2  use_no_semi.o(.text)
    __semihosting_library_function           0x0800042f   Thumb Code     0  indicate_semi.o(.text)
    _sys_exit                                0x08000431   Thumb Code     8  sys_exit.o(.text)
    BusFault_Handler                         0x08000565   Thumb Code     2  stm32f4xx_it.o(i.BusFault_Handler)
    DMA2_Stream2_IRQHandler                  0x08000569   Thumb Code     6  stm32f4xx_it.o(i.DMA2_Stream2_IRQHandler)
    DMA2_Stream7_IRQHandler                  0x08000575   Thumb Code     6  stm32f4xx_it.o(i.DMA2_Stream7_IRQHandler)
    DebugMon_Handler                         0x08000625   Thumb Code     2  stm32f4xx_it.o(i.DebugMon_Handler)
    EXTI3_IRQHandler                         0x08000627   Thumb Code     6  stm32f4xx_it.o(i.EXTI3_IRQHandler)
    Error_Handler                            0x0800062d   Thumb Code     4  main.o(i.Error_Handler)
    FSMC_NORSRAM_Extended_Timing_Init        0x08000631   Thumb Code    56  stm32f4xx_ll_fsmc.o(i.FSMC_NORSRAM_Extended_Timing_Init)
    FSMC_NORSRAM_Init                        0x0800066d   Thumb Code    98  stm32f4xx_ll_fsmc.o(i.FSMC_NORSRAM_Init)
    FSMC_NORSRAM_Timing_Init                 0x080006d5   Thumb Code    64  stm32f4xx_ll_fsmc.o(i.FSMC_NORSRAM_Timing_Init)
    HAL_ADC_ConfigChannel                    0x08000719   Thumb Code   316  stm32f4xx_hal_adc.o(i.HAL_ADC_ConfigChannel)
    HAL_ADC_GetState                         0x08000865   Thumb Code     4  stm32f4xx_hal_adc.o(i.HAL_ADC_GetState)
    HAL_ADC_GetValue                         0x08000869   Thumb Code     6  stm32f4xx_hal_adc.o(i.HAL_ADC_GetValue)
    HAL_ADC_Init                             0x0800086f   Thumb Code    84  stm32f4xx_hal_adc.o(i.HAL_ADC_Init)
    HAL_ADC_MspInit                          0x080008c5   Thumb Code    84  adc.o(i.HAL_ADC_MspInit)
    HAL_ADC_PollForConversion                0x08000925   Thumb Code   170  stm32f4xx_hal_adc.o(i.HAL_ADC_PollForConversion)
    HAL_ADC_Start                            0x080009d1   Thumb Code   228  stm32f4xx_hal_adc.o(i.HAL_ADC_Start)
    HAL_DMA_IRQHandler                       0x08000acd   Thumb Code   412  stm32f4xx_hal_dma.o(i.HAL_DMA_IRQHandler)
    HAL_DMA_Init                             0x08000c6d   Thumb Code   206  stm32f4xx_hal_dma.o(i.HAL_DMA_Init)
    HAL_DMA_Start_IT                         0x08000d41   Thumb Code   110  stm32f4xx_hal_dma.o(i.HAL_DMA_Start_IT)
    HAL_Delay                                0x08000db1   Thumb Code    32  stm32f4xx_hal.o(i.HAL_Delay)
    HAL_GPIO_EXTI_Callback                   0x08000e7d   Thumb Code    50  main.o(i.HAL_GPIO_EXTI_Callback)
    HAL_GPIO_EXTI_IRQHandler                 0x08000eb5   Thumb Code    18  stm32f4xx_hal_gpio.o(i.HAL_GPIO_EXTI_IRQHandler)
    HAL_GPIO_Init                            0x08000ecd   Thumb Code   450  stm32f4xx_hal_gpio.o(i.HAL_GPIO_Init)
    HAL_GPIO_ReadPin                         0x080010bd   Thumb Code    10  stm32f4xx_hal_gpio.o(i.HAL_GPIO_ReadPin)
    HAL_GPIO_WritePin                        0x080010c7   Thumb Code    10  stm32f4xx_hal_gpio.o(i.HAL_GPIO_WritePin)
    HAL_GetTick                              0x080010d1   Thumb Code     6  stm32f4xx_hal.o(i.HAL_GetTick)
    HAL_IncTick                              0x080010dd   Thumb Code    12  stm32f4xx_hal.o(i.HAL_IncTick)
    HAL_Init                                 0x080010ed   Thumb Code    48  stm32f4xx_hal.o(i.HAL_Init)
    HAL_InitTick                             0x08001121   Thumb Code    54  stm32f4xx_hal.o(i.HAL_InitTick)
    HAL_MspInit                              0x08001161   Thumb Code    42  stm32f4xx_hal_msp.o(i.HAL_MspInit)
    HAL_NVIC_EnableIRQ                       0x08001191   Thumb Code    26  stm32f4xx_hal_cortex.o(i.HAL_NVIC_EnableIRQ)
    HAL_NVIC_SetPriority                     0x080011ad   Thumb Code    60  stm32f4xx_hal_cortex.o(i.HAL_NVIC_SetPriority)
    HAL_NVIC_SetPriorityGrouping             0x080011ed   Thumb Code    26  stm32f4xx_hal_cortex.o(i.HAL_NVIC_SetPriorityGrouping)
    HAL_RCC_ClockConfig                      0x08001211   Thumb Code   288  stm32f4xx_hal_rcc.o(i.HAL_RCC_ClockConfig)
    HAL_RCC_GetPCLK1Freq                     0x08001345   Thumb Code    20  stm32f4xx_hal_rcc.o(i.HAL_RCC_GetPCLK1Freq)
    HAL_RCC_GetPCLK2Freq                     0x08001365   Thumb Code    20  stm32f4xx_hal_rcc.o(i.HAL_RCC_GetPCLK2Freq)
    HAL_RCC_GetSysClockFreq                  0x08001385   Thumb Code    88  stm32f4xx_hal_rcc.o(i.HAL_RCC_GetSysClockFreq)
    HAL_RCC_OscConfig                        0x080013e5   Thumb Code   856  stm32f4xx_hal_rcc.o(i.HAL_RCC_OscConfig)
    HAL_SPI_Init                             0x08001751   Thumb Code   188  stm32f4xx_hal_spi.o(i.HAL_SPI_Init)
    HAL_SPI_MspInit                          0x0800180d   Thumb Code    92  spi.o(i.HAL_SPI_MspInit)
    HAL_SPI_Receive                          0x08001875   Thumb Code   346  stm32f4xx_hal_spi.o(i.HAL_SPI_Receive)
    HAL_SPI_Transmit                         0x080019cf   Thumb Code   358  stm32f4xx_hal_spi.o(i.HAL_SPI_Transmit)
    HAL_SPI_TransmitReceive                  0x08001b35   Thumb Code   482  stm32f4xx_hal_spi.o(i.HAL_SPI_TransmitReceive)
    HAL_SRAM_Init                            0x08001d17   Thumb Code    92  stm32f4xx_hal_sram.o(i.HAL_SRAM_Init)
    HAL_SRAM_MspInit                         0x08001d73   Thumb Code     4  fsmc.o(i.HAL_SRAM_MspInit)
    HAL_SYSTICK_Config                       0x08001d77   Thumb Code    40  stm32f4xx_hal_cortex.o(i.HAL_SYSTICK_Config)
    HAL_TIMEx_BreakCallback                  0x08001d9f   Thumb Code     2  stm32f4xx_hal_tim_ex.o(i.HAL_TIMEx_BreakCallback)
    HAL_TIMEx_CommutCallback                 0x08001da1   Thumb Code     2  stm32f4xx_hal_tim_ex.o(i.HAL_TIMEx_CommutCallback)
    HAL_TIMEx_MasterConfigSynchronization    0x08001da5   Thumb Code   116  stm32f4xx_hal_tim_ex.o(i.HAL_TIMEx_MasterConfigSynchronization)
    HAL_TIM_Base_Init                        0x08001e35   Thumb Code    90  stm32f4xx_hal_tim.o(i.HAL_TIM_Base_Init)
    HAL_TIM_Base_MspInit                     0x08001e91   Thumb Code    94  tim.o(i.HAL_TIM_Base_MspInit)
    HAL_TIM_Base_Start                       0x08001efd   Thumb Code    90  stm32f4xx_hal_tim.o(i.HAL_TIM_Base_Start)
    HAL_TIM_Base_Start_IT                    0x08001f75   Thumb Code   100  stm32f4xx_hal_tim.o(i.HAL_TIM_Base_Start_IT)
    HAL_TIM_Base_Stop                        0x08001ff5   Thumb Code    38  stm32f4xx_hal_tim.o(i.HAL_TIM_Base_Stop)
    HAL_TIM_ConfigClockSource                0x0800201b   Thumb Code   220  stm32f4xx_hal_tim.o(i.HAL_TIM_ConfigClockSource)
    HAL_TIM_IC_CaptureCallback               0x080020f7   Thumb Code     2  stm32f4xx_hal_tim.o(i.HAL_TIM_IC_CaptureCallback)
    HAL_TIM_IRQHandler                       0x080020f9   Thumb Code   358  stm32f4xx_hal_tim.o(i.HAL_TIM_IRQHandler)
    HAL_TIM_MspPostInit                      0x08002261   Thumb Code   110  tim.o(i.HAL_TIM_MspPostInit)
    HAL_TIM_OC_DelayElapsedCallback          0x080022e1   Thumb Code     2  stm32f4xx_hal_tim.o(i.HAL_TIM_OC_DelayElapsedCallback)
    HAL_TIM_PWM_ConfigChannel                0x080022e3   Thumb Code   204  stm32f4xx_hal_tim.o(i.HAL_TIM_PWM_ConfigChannel)
    HAL_TIM_PWM_Init                         0x080023af   Thumb Code    90  stm32f4xx_hal_tim.o(i.HAL_TIM_PWM_Init)
    HAL_TIM_PWM_MspInit                      0x08002409   Thumb Code     2  stm32f4xx_hal_tim.o(i.HAL_TIM_PWM_MspInit)
    HAL_TIM_PWM_PulseFinishedCallback        0x0800240b   Thumb Code     2  stm32f4xx_hal_tim.o(i.HAL_TIM_PWM_PulseFinishedCallback)
    HAL_TIM_PWM_Start                        0x0800240d   Thumb Code   172  stm32f4xx_hal_tim.o(i.HAL_TIM_PWM_Start)
    HAL_TIM_PeriodElapsedCallback            0x080024d5   Thumb Code     2  main.o(i.HAL_TIM_PeriodElapsedCallback)
    HAL_TIM_TriggerCallback                  0x080024d7   Thumb Code     2  stm32f4xx_hal_tim.o(i.HAL_TIM_TriggerCallback)
    HAL_UARTEx_RxEventCallback               0x080024d9   Thumb Code     2  stm32f4xx_hal_uart.o(i.HAL_UARTEx_RxEventCallback)
    HAL_UART_ErrorCallback                   0x080024db   Thumb Code     2  stm32f4xx_hal_uart.o(i.HAL_UART_ErrorCallback)
    HAL_UART_Init                            0x080024dd   Thumb Code    98  stm32f4xx_hal_uart.o(i.HAL_UART_Init)
    HAL_UART_MspInit                         0x08002541   Thumb Code   194  usart.o(i.HAL_UART_MspInit)
    HAL_UART_Receive_DMA                     0x08002619   Thumb Code    42  stm32f4xx_hal_uart.o(i.HAL_UART_Receive_DMA)
    HAL_UART_RxCpltCallback                  0x08002645   Thumb Code    26  main.o(i.HAL_UART_RxCpltCallback)
    HAL_UART_RxHalfCpltCallback              0x08002669   Thumb Code     2  stm32f4xx_hal_uart.o(i.HAL_UART_RxHalfCpltCallback)
    HAL_UART_Transmit_DMA                    0x0800266d   Thumb Code   126  stm32f4xx_hal_uart.o(i.HAL_UART_Transmit_DMA)
    HAL_UART_TxCpltCallback                  0x080026f9   Thumb Code     2  stm32f4xx_hal_uart.o(i.HAL_UART_TxCpltCallback)
    HAL_UART_TxHalfCpltCallback              0x080026fb   Thumb Code     2  stm32f4xx_hal_uart.o(i.HAL_UART_TxHalfCpltCallback)
    HardFault_Handler                        0x080026fd   Thumb Code     2  stm32f4xx_it.o(i.HardFault_Handler)
    LCD_Clear                                0x08002701   Thumb Code    48  ili93xx.o(i.LCD_Clear)
    LCD_Display_Dir                          0x08002735   Thumb Code   212  ili93xx.o(i.LCD_Display_Dir)
    LCD_DrawLine                             0x0800280d   Thumb Code   154  ili93xx.o(i.LCD_DrawLine)
    LCD_DrawPoint                            0x080028a9   Thumb Code    24  ili93xx.o(i.LCD_DrawPoint)
    LCD_Draw_Circle                          0x080028c5   Thumb Code   176  ili93xx.o(i.LCD_Draw_Circle)
    LCD_Fast_DrawPoint                       0x08002975   Thumb Code   278  ili93xx.o(i.LCD_Fast_DrawPoint)
    LCD_Pow                                  0x08002a91   Thumb Code    16  ili93xx.o(i.LCD_Pow)
    LCD_RD_DATA                              0x08002aa1   Thumb Code    20  ili93xx.o(i.LCD_RD_DATA)
    LCD_SSD_BackLightSet                     0x08002ab5   Thumb Code    72  ili93xx.o(i.LCD_SSD_BackLightSet)
    LCD_Scan_Dir                             0x08002b05   Thumb Code   434  ili93xx.o(i.LCD_Scan_Dir)
    LCD_SetCursor                            0x08002cbd   Thumb Code   254  ili93xx.o(i.LCD_SetCursor)
    LCD_ShowChar                             0x08002dc1   Thumb Code   204  ili93xx.o(i.LCD_ShowChar)
    LCD_ShowString                           0x08002ea5   Thumb Code    84  ili93xx.o(i.LCD_ShowString)
    LCD_ShowxNum                             0x08002ef9   Thumb Code   134  ili93xx.o(i.LCD_ShowxNum)
    LCD_WR_DATA                              0x08002f7f   Thumb Code    24  ili93xx.o(i.LCD_WR_DATA)
    LCD_WR_REG                               0x08002f97   Thumb Code    24  ili93xx.o(i.LCD_WR_REG)
    LCD_WriteRAM_Prepare                     0x08002fb1   Thumb Code    14  ili93xx.o(i.LCD_WriteRAM_Prepare)
    LCD_WriteReg                             0x08002fc5   Thumb Code    12  ili93xx.o(i.LCD_WriteReg)
    MX_ADC1_Init                             0x08002fd1   Thumb Code    88  adc.o(i.MX_ADC1_Init)
    MX_DMA_Init                              0x08003035   Thumb Code    56  dma.o(i.MX_DMA_Init)
    MX_FSMC_Init                             0x08003071   Thumb Code   128  fsmc.o(i.MX_FSMC_Init)
    MX_GPIO_Init                             0x080030f9   Thumb Code   288  gpio.o(i.MX_GPIO_Init)
    MX_SPI1_Init                             0x08003229   Thumb Code    62  spi.o(i.MX_SPI1_Init)
    MX_TIM14_Init                            0x08003271   Thumb Code    94  tim.o(i.MX_TIM14_Init)
    MX_TIM2_Init                             0x080032d9   Thumb Code   146  tim.o(i.MX_TIM2_Init)
    MX_TIM7_Init                             0x08003375   Thumb Code    58  tim.o(i.MX_TIM7_Init)
    MX_USART1_UART_Init                      0x080033b9   Thumb Code    48  usart.o(i.MX_USART1_UART_Init)
    MemManage_Handler                        0x080033f1   Thumb Code     2  stm32f4xx_it.o(i.MemManage_Handler)
    NMI_Handler                              0x080033f3   Thumb Code     2  stm32f4xx_it.o(i.NMI_Handler)
    PendSV_Handler                           0x080033f5   Thumb Code     2  stm32f4xx_it.o(i.PendSV_Handler)
    SVC_Handler                              0x08003565   Thumb Code     2  stm32f4xx_it.o(i.SVC_Handler)
    SysTick_Handler                          0x08003567   Thumb Code     4  stm32f4xx_it.o(i.SysTick_Handler)
    SystemClock_Config                       0x0800356d   Thumb Code   138  main.o(i.SystemClock_Config)
    SystemInit                               0x08003601   Thumb Code    12  system_stm32f4xx.o(i.SystemInit)
    TFTLCD_Init                              0x08003611   Thumb Code  8958  ili93xx.o(i.TFTLCD_Init)
    TIM2_IRQHandler                          0x08005915   Thumb Code     6  stm32f4xx_it.o(i.TIM2_IRQHandler)
    TIM_Base_SetConfig                       0x08005921   Thumb Code   156  stm32f4xx_hal_tim.o(i.TIM_Base_SetConfig)
    TIM_CCxChannelCmd                        0x080059e9   Thumb Code    26  stm32f4xx_hal_tim.o(i.TIM_CCxChannelCmd)
    TIM_ETR_SetConfig                        0x08005a03   Thumb Code    20  stm32f4xx_hal_tim.o(i.TIM_ETR_SetConfig)
    TIM_OC2_SetConfig                        0x08005a89   Thumb Code    98  stm32f4xx_hal_tim.o(i.TIM_OC2_SetConfig)
    TP_Adjust                                0x08005bf5   Thumb Code  1124  touch.o(i.TP_Adjust)
    TP_Drow_Touch_Point                      0x08006059   Thumb Code   106  touch.o(i.TP_Drow_Touch_Point)
    TP_Get_Adjdata                           0x080060c9   Thumb Code   148  touch.o(i.TP_Get_Adjdata)
    TP_Init                                  0x08006165   Thumb Code    54  touch.o(i.TP_Init)
    TP_Read_AD                               0x080061a1   Thumb Code   178  touch.o(i.TP_Read_AD)
    TP_Read_XOY                              0x08006261   Thumb Code   100  touch.o(i.TP_Read_XOY)
    TP_Read_XY                               0x080062c5   Thumb Code    34  touch.o(i.TP_Read_XY)
    TP_Read_XY2                              0x080062ed   Thumb Code   122  touch.o(i.TP_Read_XY2)
    TP_Save_Adjdata                          0x08006369   Thumb Code   108  touch.o(i.TP_Save_Adjdata)
    TP_Scan                                  0x080063dd   Thumb Code   168  touch.o(i.TP_Scan)
    TP_Write_Byte                            0x0800648d   Thumb Code    78  touch.o(i.TP_Write_Byte)
    UART_Start_Receive_DMA                   0x0800678d   Thumb Code   134  stm32f4xx_hal_uart.o(i.UART_Start_Receive_DMA)
    UsageFault_Handler                       0x08006821   Thumb Code     2  stm32f4xx_it.o(i.UsageFault_Handler)
    W25QXX_Erase_Sector                      0x08006825   Thumb Code    80  w25qxx.o(i.W25QXX_Erase_Sector)
    W25QXX_Init                              0x0800687d   Thumb Code    22  w25qxx.o(i.W25QXX_Init)
    W25QXX_Read                              0x0800689d   Thumb Code   112  w25qxx.o(i.W25QXX_Read)
    W25QXX_ReadID                            0x08006915   Thumb Code    78  w25qxx.o(i.W25QXX_ReadID)
    W25QXX_ReadSR                            0x08006971   Thumb Code    64  w25qxx.o(i.W25QXX_ReadSR)
    W25QXX_Write                             0x080069c9   Thumb Code   152  w25qxx.o(i.W25QXX_Write)
    W25QXX_Write_Enable                      0x08006a65   Thumb Code    52  w25qxx.o(i.W25QXX_Write_Enable)
    W25QXX_Write_NoCheck                     0x08006aa1   Thumb Code    62  w25qxx.o(i.W25QXX_Write_NoCheck)
    W25QXX_Write_Page                        0x08006ae1   Thumb Code    94  w25qxx.o(i.W25QXX_Write_Page)
    __hardfp_sqrt                            0x08006b69   Thumb Code   122  sqrt.o(i.__hardfp_sqrt)
    delay_us                                 0x08006be5   Thumb Code    44  tim.o(i.delay_us)
    main                                     0x08006c15   Thumb Code   208  main.o(i.main)
    __fpl_dcmp_Inf                           0x08006d21   Thumb Code    24  dcmpi.o(x$fpl$dcmpinf)
    __aeabi_d2uiz                            0x08006d39   Thumb Code     0  dfixu.o(x$fpl$dfixu)
    _dfixu                                   0x08006d39   Thumb Code    90  dfixu.o(x$fpl$dfixu)
    __aeabi_ui2d                             0x08006d93   Thumb Code     0  dflt_clz.o(x$fpl$dfltu)
    _dfltu                                   0x08006d93   Thumb Code    38  dflt_clz.o(x$fpl$dfltu)
    __aeabi_cdcmple                          0x08006db9   Thumb Code     0  dleqf.o(x$fpl$dleqf)
    _dcmple                                  0x08006db9   Thumb Code   120  dleqf.o(x$fpl$dleqf)
    __fpl_dcmple_InfNaN                      0x08006e1b   Thumb Code     0  dleqf.o(x$fpl$dleqf)
    __aeabi_dmul                             0x08006e31   Thumb Code     0  dmul.o(x$fpl$dmul)
    _dmul                                    0x08006e31   Thumb Code   332  dmul.o(x$fpl$dmul)
    __fpl_dnaninf                            0x08006f85   Thumb Code   156  dnaninf.o(x$fpl$dnaninf)
    __fpl_dretinf                            0x08007021   Thumb Code    12  dretinf.o(x$fpl$dretinf)
    __aeabi_cdrcmple                         0x0800702d   Thumb Code     0  drleqf.o(x$fpl$drleqf)
    _drcmple                                 0x0800702d   Thumb Code   108  drleqf.o(x$fpl$drleqf)
    _dsqrt                                   0x08007099   Thumb Code   404  dsqrt_umaal.o(x$fpl$dsqrt)
    __aeabi_f2d                              0x08007231   Thumb Code     0  f2d.o(x$fpl$f2d)
    _f2d                                     0x08007231   Thumb Code    86  f2d.o(x$fpl$f2d)
    __fpl_fnaninf                            0x08007287   Thumb Code   140  fnaninf.o(x$fpl$fnaninf)
    _fp_init                                 0x08007313   Thumb Code    10  fpinit.o(x$fpl$fpinit)
    __fplib_config_fpu_vfp                   0x0800731b   Thumb Code     0  fpinit.o(x$fpl$fpinit)
    __fplib_config_pureend_doubles           0x0800731b   Thumb Code     0  fpinit.o(x$fpl$fpinit)
    __I$use$fp                               0x0800731c   Number         0  usenofp.o(x$fpl$usenofp)
    asc2_1206                                0x0800731c   Data        1140  ili93xx.o(.constdata)
    asc2_1608                                0x08007790   Data        1520  ili93xx.o(.constdata)
    asc2_2412                                0x08007d80   Data        3420  ili93xx.o(.constdata)
    asc2_3216                                0x08008adc   Data       12160  ili93xx.o(.constdata)
    AHBPrescTable                            0x0800ba64   Data          16  system_stm32f4xx.o(.constdata)
    APBPrescTable                            0x0800ba74   Data           8  system_stm32f4xx.o(.constdata)
    Region$$Table$$Base                      0x0800ba7c   Number         0  anon$$obj.o(Region$$Table)
    Region$$Table$$Limit                     0x0800ba9c   Number         0  anon$$obj.o(Region$$Table)
    W25QXX_TYPE                              0x20000000   Data           2  w25qxx.o(.data)
    POINT_COLOR                              0x20000004   Data           4  ili93xx.o(.data)
    BACK_COLOR                               0x20000008   Data           4  ili93xx.o(.data)
    CMD_RDX                                  0x2000000c   Data           1  touch.o(.data)
    CMD_RDY                                  0x2000000d   Data           1  touch.o(.data)
    LCD_DIR_Mode                             0x2000000e   Data           1  touch.o(.data)
    TData                                    0x20000010   Data           4  touch.o(.data)
    tp_dev                                   0x20000014   Data          56  touch.o(.data)
    ADC_Value                                0x2000004c   Data           4  main.o(.data)
    buffer                                   0x20000050   Data           5  main.o(.data)
    uwTickFreq                               0x20000060   Data           1  stm32f4xx_hal.o(.data)
    uwTickPrio                               0x20000064   Data           4  stm32f4xx_hal.o(.data)
    uwTick                                   0x20000068   Data           4  stm32f4xx_hal.o(.data)
    SystemCoreClock                          0x2000006c   Data           4  system_stm32f4xx.o(.data)
    W25QXX_BUFFER                            0x20000070   Data        4096  w25qxx.o(.bss)
    lcddev                                   0x20001070   Data          14  ili93xx.o(.bss)
    hadc1                                    0x20001080   Data          72  adc.o(.bss)
    hsram1                                   0x200010c8   Data          80  fsmc.o(.bss)
    hspi1                                    0x20001118   Data          88  spi.o(.bss)
    htim2                                    0x20001170   Data          72  tim.o(.bss)
    htim7                                    0x200011b8   Data          72  tim.o(.bss)
    htim14                                   0x20001200   Data          72  tim.o(.bss)
    huart1                                   0x20001248   Data          68  usart.o(.bss)
    hdma_usart1_rx                           0x2000128c   Data          96  usart.o(.bss)
    hdma_usart1_tx                           0x200012ec   Data          96  usart.o(.bss)
    __libspace_start                         0x2000134c   Data          96  libspace.o(.bss)
    __temporary_stack_top$libspace           0x200013ac   Data           0  libspace.o(.bss)



==============================================================================

Memory Map of the image

  Image Entry point : 0x08000189

  Load Region LR_IROM1 (Base: 0x08000000, Size: 0x0000bb0c, Max: 0x00100000, ABSOLUTE)

    Execution Region ER_IROM1 (Exec base: 0x08000000, Load base: 0x08000000, Size: 0x0000ba9c, Max: 0x00100000, ABSOLUTE)

    Exec Addr    Load Addr    Size         Type   Attr      Idx    E Section Name        Object

    0x08000000   0x08000000   0x00000188   Data   RO            3    RESET               startup_stm32f407xx.o
    0x08000188   0x08000188   0x00000008   Code   RO         4462  * !!!main             c_w.l(__main.o)
    0x08000190   0x08000190   0x00000034   Code   RO         4865    !!!scatter          c_w.l(__scatter.o)
    0x080001c4   0x080001c4   0x0000001a   Code   RO         4867    !!handler_copy      c_w.l(__scatter_copy.o)
    0x080001de   0x080001de   0x00000002   PAD
    0x080001e0   0x080001e0   0x0000001c   Code   RO         4869    !!handler_zi        c_w.l(__scatter_zi.o)
    0x080001fc   0x080001fc   0x00000002   Code   RO         4660    .ARM.Collect$$libinit$$00000000  c_w.l(libinit.o)
    0x080001fe   0x080001fe   0x00000004   Code   RO         4661    .ARM.Collect$$libinit$$00000001  c_w.l(libinit2.o)
    0x08000202   0x08000202   0x00000000   Code   RO         4664    .ARM.Collect$$libinit$$00000004  c_w.l(libinit2.o)
    0x08000202   0x08000202   0x00000000   Code   RO         4667    .ARM.Collect$$libinit$$0000000A  c_w.l(libinit2.o)
    0x08000202   0x08000202   0x00000000   Code   RO         4669    .ARM.Collect$$libinit$$0000000C  c_w.l(libinit2.o)
    0x08000202   0x08000202   0x00000000   Code   RO         4671    .ARM.Collect$$libinit$$0000000E  c_w.l(libinit2.o)
    0x08000202   0x08000202   0x00000000   Code   RO         4674    .ARM.Collect$$libinit$$00000011  c_w.l(libinit2.o)
    0x08000202   0x08000202   0x00000000   Code   RO         4676    .ARM.Collect$$libinit$$00000013  c_w.l(libinit2.o)
    0x08000202   0x08000202   0x00000000   Code   RO         4678    .ARM.Collect$$libinit$$00000015  c_w.l(libinit2.o)
    0x08000202   0x08000202   0x00000000   Code   RO         4680    .ARM.Collect$$libinit$$00000017  c_w.l(libinit2.o)
    0x08000202   0x08000202   0x00000000   Code   RO         4682    .ARM.Collect$$libinit$$00000019  c_w.l(libinit2.o)
    0x08000202   0x08000202   0x00000000   Code   RO         4684    .ARM.Collect$$libinit$$0000001B  c_w.l(libinit2.o)
    0x08000202   0x08000202   0x00000000   Code   RO         4686    .ARM.Collect$$libinit$$0000001D  c_w.l(libinit2.o)
    0x08000202   0x08000202   0x00000000   Code   RO         4688    .ARM.Collect$$libinit$$0000001F  c_w.l(libinit2.o)
    0x08000202   0x08000202   0x00000000   Code   RO         4690    .ARM.Collect$$libinit$$00000021  c_w.l(libinit2.o)
    0x08000202   0x08000202   0x00000000   Code   RO         4692    .ARM.Collect$$libinit$$00000023  c_w.l(libinit2.o)
    0x08000202   0x08000202   0x00000000   Code   RO         4694    .ARM.Collect$$libinit$$00000025  c_w.l(libinit2.o)
    0x08000202   0x08000202   0x00000000   Code   RO         4698    .ARM.Collect$$libinit$$0000002C  c_w.l(libinit2.o)
    0x08000202   0x08000202   0x00000000   Code   RO         4700    .ARM.Collect$$libinit$$0000002E  c_w.l(libinit2.o)
    0x08000202   0x08000202   0x00000000   Code   RO         4702    .ARM.Collect$$libinit$$00000030  c_w.l(libinit2.o)
    0x08000202   0x08000202   0x00000000   Code   RO         4704    .ARM.Collect$$libinit$$00000032  c_w.l(libinit2.o)
    0x08000202   0x08000202   0x00000002   Code   RO         4705    .ARM.Collect$$libinit$$00000033  c_w.l(libinit2.o)
    0x08000204   0x08000204   0x00000002   Code   RO         4846    .ARM.Collect$$libshutdown$$00000000  c_w.l(libshutdown.o)
    0x08000206   0x08000206   0x00000000   Code   RO         4707    .ARM.Collect$$libshutdown$$00000002  c_w.l(libshutdown2.o)
    0x08000206   0x08000206   0x00000000   Code   RO         4709    .ARM.Collect$$libshutdown$$00000004  c_w.l(libshutdown2.o)
    0x08000206   0x08000206   0x00000000   Code   RO         4712    .ARM.Collect$$libshutdown$$00000007  c_w.l(libshutdown2.o)
    0x08000206   0x08000206   0x00000000   Code   RO         4715    .ARM.Collect$$libshutdown$$0000000A  c_w.l(libshutdown2.o)
    0x08000206   0x08000206   0x00000000   Code   RO         4717    .ARM.Collect$$libshutdown$$0000000C  c_w.l(libshutdown2.o)
    0x08000206   0x08000206   0x00000000   Code   RO         4720    .ARM.Collect$$libshutdown$$0000000F  c_w.l(libshutdown2.o)
    0x08000206   0x08000206   0x00000002   Code   RO         4721    .ARM.Collect$$libshutdown$$00000010  c_w.l(libshutdown2.o)
    0x08000208   0x08000208   0x00000000   Code   RO         4496    .ARM.Collect$$rtentry$$00000000  c_w.l(__rtentry.o)
    0x08000208   0x08000208   0x00000000   Code   RO         4525    .ARM.Collect$$rtentry$$00000002  c_w.l(__rtentry2.o)
    0x08000208   0x08000208   0x00000006   Code   RO         4537    .ARM.Collect$$rtentry$$00000004  c_w.l(__rtentry4.o)
    0x0800020e   0x0800020e   0x00000000   Code   RO         4527    .ARM.Collect$$rtentry$$00000009  c_w.l(__rtentry2.o)
    0x0800020e   0x0800020e   0x00000004   Code   RO         4528    .ARM.Collect$$rtentry$$0000000A  c_w.l(__rtentry2.o)
    0x08000212   0x08000212   0x00000000   Code   RO         4530    .ARM.Collect$$rtentry$$0000000C  c_w.l(__rtentry2.o)
    0x08000212   0x08000212   0x00000008   Code   RO         4531    .ARM.Collect$$rtentry$$0000000D  c_w.l(__rtentry2.o)
    0x0800021a   0x0800021a   0x00000002   Code   RO         4727    .ARM.Collect$$rtexit$$00000000  c_w.l(rtexit.o)
    0x0800021c   0x0800021c   0x00000000   Code   RO         4787    .ARM.Collect$$rtexit$$00000002  c_w.l(rtexit2.o)
    0x0800021c   0x0800021c   0x00000004   Code   RO         4788    .ARM.Collect$$rtexit$$00000003  c_w.l(rtexit2.o)
    0x08000220   0x08000220   0x00000006   Code   RO         4789    .ARM.Collect$$rtexit$$00000004  c_w.l(rtexit2.o)
    0x08000226   0x08000226   0x00000002   PAD
    0x08000228   0x08000228   0x00000040   Code   RO            4    .text               startup_stm32f407xx.o
    0x08000268   0x08000268   0x000000ee   Code   RO         4452    .text               c_w.l(lludivv7m.o)
    0x08000356   0x08000356   0x0000004e   Code   RO         4458    .text               c_w.l(rt_memclr_w.o)
    0x080003a4   0x080003a4   0x00000006   Code   RO         4460    .text               c_w.l(heapauxi.o)
    0x080003aa   0x080003aa   0x00000016   Code   RO         4501    .text               c_w.l(_rserrno.o)
    0x080003c0   0x080003c0   0x00000008   Code   RO         4544    .text               c_w.l(rt_errno_addr_intlibspace.o)
    0x080003c8   0x080003c8   0x00000008   Code   RO         4567    .text               c_w.l(libspace.o)
    0x080003d0   0x080003d0   0x0000004a   Code   RO         4572    .text               c_w.l(sys_stackheap_outer.o)
    0x0800041a   0x0800041a   0x00000012   Code   RO         4645    .text               c_w.l(exit.o)
    0x0800042c   0x0800042c   0x00000002   Code   RO         4724    .text               c_w.l(use_no_semi.o)
    0x0800042e   0x0800042e   0x00000000   Code   RO         4726    .text               c_w.l(indicate_semi.o)
    0x0800042e   0x0800042e   0x00000002   PAD
    0x08000430   0x08000430   0x0000000c   Code   RO         4784    .text               c_w.l(sys_exit.o)
    0x0800043c   0x0800043c   0x00000128   Code   RO         1095    i.ADC_Init          stm32f4xx_hal_adc.o
    0x08000564   0x08000564   0x00000002   Code   RO          968    i.BusFault_Handler  stm32f4xx_it.o
    0x08000566   0x08000566   0x00000002   PAD
    0x08000568   0x08000568   0x0000000c   Code   RO          969    i.DMA2_Stream2_IRQHandler  stm32f4xx_it.o
    0x08000574   0x08000574   0x0000000c   Code   RO          970    i.DMA2_Stream7_IRQHandler  stm32f4xx_it.o
    0x08000580   0x08000580   0x00000028   Code   RO         1829    i.DMA_CalcBaseAndBitshift  stm32f4xx_hal_dma.o
    0x080005a8   0x080005a8   0x00000054   Code   RO         1830    i.DMA_CheckFifoParam  stm32f4xx_hal_dma.o
    0x080005fc   0x080005fc   0x00000028   Code   RO         1831    i.DMA_SetConfig     stm32f4xx_hal_dma.o
    0x08000624   0x08000624   0x00000002   Code   RO          971    i.DebugMon_Handler  stm32f4xx_it.o
    0x08000626   0x08000626   0x00000006   Code   RO          972    i.EXTI3_IRQHandler  stm32f4xx_it.o
    0x0800062c   0x0800062c   0x00000004   Code   RO          590    i.Error_Handler     main.o
    0x08000630   0x08000630   0x0000003c   Code   RO         2510    i.FSMC_NORSRAM_Extended_Timing_Init  stm32f4xx_ll_fsmc.o
    0x0800066c   0x0800066c   0x00000068   Code   RO         2511    i.FSMC_NORSRAM_Init  stm32f4xx_ll_fsmc.o
    0x080006d4   0x080006d4   0x00000044   Code   RO         2512    i.FSMC_NORSRAM_Timing_Init  stm32f4xx_ll_fsmc.o
    0x08000718   0x08000718   0x0000014c   Code   RO         1097    i.HAL_ADC_ConfigChannel  stm32f4xx_hal_adc.o
    0x08000864   0x08000864   0x00000004   Code   RO         1103    i.HAL_ADC_GetState  stm32f4xx_hal_adc.o
    0x08000868   0x08000868   0x00000006   Code   RO         1104    i.HAL_ADC_GetValue  stm32f4xx_hal_adc.o
    0x0800086e   0x0800086e   0x00000054   Code   RO         1106    i.HAL_ADC_Init      stm32f4xx_hal_adc.o
    0x080008c2   0x080008c2   0x00000002   PAD
    0x080008c4   0x080008c4   0x00000060   Code   RO          699    i.HAL_ADC_MspInit   adc.o
    0x08000924   0x08000924   0x000000aa   Code   RO         1110    i.HAL_ADC_PollForConversion  stm32f4xx_hal_adc.o
    0x080009ce   0x080009ce   0x00000002   PAD
    0x080009d0   0x080009d0   0x000000fc   Code   RO         1112    i.HAL_ADC_Start     stm32f4xx_hal_adc.o
    0x08000acc   0x08000acc   0x000001a0   Code   RO         1837    i.HAL_DMA_IRQHandler  stm32f4xx_hal_dma.o
    0x08000c6c   0x08000c6c   0x000000d4   Code   RO         1838    i.HAL_DMA_Init      stm32f4xx_hal_dma.o
    0x08000d40   0x08000d40   0x0000006e   Code   RO         1842    i.HAL_DMA_Start_IT  stm32f4xx_hal_dma.o
    0x08000dae   0x08000dae   0x00000002   PAD
    0x08000db0   0x08000db0   0x00000024   Code   RO         2251    i.HAL_Delay         stm32f4xx_hal.o
    0x08000dd4   0x08000dd4   0x000000a8   Code   RO          770    i.HAL_FSMC_MspInit  fsmc.o
    0x08000e7c   0x08000e7c   0x00000038   Code   RO          591    i.HAL_GPIO_EXTI_Callback  main.o
    0x08000eb4   0x08000eb4   0x00000018   Code   RO         1724    i.HAL_GPIO_EXTI_IRQHandler  stm32f4xx_hal_gpio.o
    0x08000ecc   0x08000ecc   0x000001f0   Code   RO         1725    i.HAL_GPIO_Init     stm32f4xx_hal_gpio.o
    0x080010bc   0x080010bc   0x0000000a   Code   RO         1727    i.HAL_GPIO_ReadPin  stm32f4xx_hal_gpio.o
    0x080010c6   0x080010c6   0x0000000a   Code   RO         1729    i.HAL_GPIO_WritePin  stm32f4xx_hal_gpio.o
    0x080010d0   0x080010d0   0x0000000c   Code   RO         2257    i.HAL_GetTick       stm32f4xx_hal.o
    0x080010dc   0x080010dc   0x00000010   Code   RO         2263    i.HAL_IncTick       stm32f4xx_hal.o
    0x080010ec   0x080010ec   0x00000034   Code   RO         2264    i.HAL_Init          stm32f4xx_hal.o
    0x08001120   0x08001120   0x00000040   Code   RO         2265    i.HAL_InitTick      stm32f4xx_hal.o
    0x08001160   0x08001160   0x00000030   Code   RO         1068    i.HAL_MspInit       stm32f4xx_hal_msp.o
    0x08001190   0x08001190   0x0000001a   Code   RO         2114    i.HAL_NVIC_EnableIRQ  stm32f4xx_hal_cortex.o
    0x080011aa   0x080011aa   0x00000002   PAD
    0x080011ac   0x080011ac   0x00000040   Code   RO         2120    i.HAL_NVIC_SetPriority  stm32f4xx_hal_cortex.o
    0x080011ec   0x080011ec   0x00000024   Code   RO         2121    i.HAL_NVIC_SetPriorityGrouping  stm32f4xx_hal_cortex.o
    0x08001210   0x08001210   0x00000134   Code   RO         1371    i.HAL_RCC_ClockConfig  stm32f4xx_hal_rcc.o
    0x08001344   0x08001344   0x00000020   Code   RO         1378    i.HAL_RCC_GetPCLK1Freq  stm32f4xx_hal_rcc.o
    0x08001364   0x08001364   0x00000020   Code   RO         1379    i.HAL_RCC_GetPCLK2Freq  stm32f4xx_hal_rcc.o
    0x08001384   0x08001384   0x00000060   Code   RO         1380    i.HAL_RCC_GetSysClockFreq  stm32f4xx_hal_rcc.o
    0x080013e4   0x080013e4   0x0000036c   Code   RO         1383    i.HAL_RCC_OscConfig  stm32f4xx_hal_rcc.o
    0x08001750   0x08001750   0x000000bc   Code   RO         2774    i.HAL_SPI_Init      stm32f4xx_hal_spi.o
    0x0800180c   0x0800180c   0x00000068   Code   RO          819    i.HAL_SPI_MspInit   spi.o
    0x08001874   0x08001874   0x0000015a   Code   RO         2777    i.HAL_SPI_Receive   stm32f4xx_hal_spi.o
    0x080019ce   0x080019ce   0x00000166   Code   RO         2782    i.HAL_SPI_Transmit  stm32f4xx_hal_spi.o
    0x08001b34   0x08001b34   0x000001e2   Code   RO         2783    i.HAL_SPI_TransmitReceive  stm32f4xx_hal_spi.o
    0x08001d16   0x08001d16   0x0000005c   Code   RO         2632    i.HAL_SRAM_Init     stm32f4xx_hal_sram.o
    0x08001d72   0x08001d72   0x00000004   Code   RO          772    i.HAL_SRAM_MspInit  fsmc.o
    0x08001d76   0x08001d76   0x00000028   Code   RO         2125    i.HAL_SYSTICK_Config  stm32f4xx_hal_cortex.o
    0x08001d9e   0x08001d9e   0x00000002   Code   RO         3791    i.HAL_TIMEx_BreakCallback  stm32f4xx_hal_tim_ex.o
    0x08001da0   0x08001da0   0x00000002   Code   RO         3792    i.HAL_TIMEx_CommutCallback  stm32f4xx_hal_tim_ex.o
    0x08001da2   0x08001da2   0x00000002   PAD
    0x08001da4   0x08001da4   0x00000090   Code   RO         3810    i.HAL_TIMEx_MasterConfigSynchronization  stm32f4xx_hal_tim_ex.o
    0x08001e34   0x08001e34   0x0000005a   Code   RO         3087    i.HAL_TIM_Base_Init  stm32f4xx_hal_tim.o
    0x08001e8e   0x08001e8e   0x00000002   PAD
    0x08001e90   0x08001e90   0x0000006c   Code   RO          861    i.HAL_TIM_Base_MspInit  tim.o
    0x08001efc   0x08001efc   0x00000078   Code   RO         3090    i.HAL_TIM_Base_Start  stm32f4xx_hal_tim.o
    0x08001f74   0x08001f74   0x00000080   Code   RO         3092    i.HAL_TIM_Base_Start_IT  stm32f4xx_hal_tim.o
    0x08001ff4   0x08001ff4   0x00000026   Code   RO         3093    i.HAL_TIM_Base_Stop  stm32f4xx_hal_tim.o
    0x0800201a   0x0800201a   0x000000dc   Code   RO         3096    i.HAL_TIM_ConfigClockSource  stm32f4xx_hal_tim.o
    0x080020f6   0x080020f6   0x00000002   Code   RO         3121    i.HAL_TIM_IC_CaptureCallback  stm32f4xx_hal_tim.o
    0x080020f8   0x080020f8   0x00000166   Code   RO         3135    i.HAL_TIM_IRQHandler  stm32f4xx_hal_tim.o
    0x0800225e   0x0800225e   0x00000002   PAD
    0x08002260   0x08002260   0x00000080   Code   RO          862    i.HAL_TIM_MspPostInit  tim.o
    0x080022e0   0x080022e0   0x00000002   Code   RO         3138    i.HAL_TIM_OC_DelayElapsedCallback  stm32f4xx_hal_tim.o
    0x080022e2   0x080022e2   0x000000cc   Code   RO         3159    i.HAL_TIM_PWM_ConfigChannel  stm32f4xx_hal_tim.o
    0x080023ae   0x080023ae   0x0000005a   Code   RO         3162    i.HAL_TIM_PWM_Init  stm32f4xx_hal_tim.o
    0x08002408   0x08002408   0x00000002   Code   RO         3164    i.HAL_TIM_PWM_MspInit  stm32f4xx_hal_tim.o
    0x0800240a   0x0800240a   0x00000002   Code   RO         3165    i.HAL_TIM_PWM_PulseFinishedCallback  stm32f4xx_hal_tim.o
    0x0800240c   0x0800240c   0x000000c8   Code   RO         3167    i.HAL_TIM_PWM_Start  stm32f4xx_hal_tim.o
    0x080024d4   0x080024d4   0x00000002   Code   RO          592    i.HAL_TIM_PeriodElapsedCallback  main.o
    0x080024d6   0x080024d6   0x00000002   Code   RO         3178    i.HAL_TIM_TriggerCallback  stm32f4xx_hal_tim.o
    0x080024d8   0x080024d8   0x00000002   Code   RO         4069    i.HAL_UARTEx_RxEventCallback  stm32f4xx_hal_uart.o
    0x080024da   0x080024da   0x00000002   Code   RO         4083    i.HAL_UART_ErrorCallback  stm32f4xx_hal_uart.o
    0x080024dc   0x080024dc   0x00000062   Code   RO         4087    i.HAL_UART_Init     stm32f4xx_hal_uart.o
    0x0800253e   0x0800253e   0x00000002   PAD
    0x08002540   0x08002540   0x000000d8   Code   RO          927    i.HAL_UART_MspInit  usart.o
    0x08002618   0x08002618   0x0000002a   Code   RO         4091    i.HAL_UART_Receive_DMA  stm32f4xx_hal_uart.o
    0x08002642   0x08002642   0x00000002   PAD
    0x08002644   0x08002644   0x00000024   Code   RO          593    i.HAL_UART_RxCpltCallback  main.o
    0x08002668   0x08002668   0x00000002   Code   RO         4094    i.HAL_UART_RxHalfCpltCallback  stm32f4xx_hal_uart.o
    0x0800266a   0x0800266a   0x00000002   PAD
    0x0800266c   0x0800266c   0x0000008c   Code   RO         4096    i.HAL_UART_Transmit_DMA  stm32f4xx_hal_uart.o
    0x080026f8   0x080026f8   0x00000002   Code   RO         4098    i.HAL_UART_TxCpltCallback  stm32f4xx_hal_uart.o
    0x080026fa   0x080026fa   0x00000002   Code   RO         4099    i.HAL_UART_TxHalfCpltCallback  stm32f4xx_hal_uart.o
    0x080026fc   0x080026fc   0x00000002   Code   RO          973    i.HardFault_Handler  stm32f4xx_it.o
    0x080026fe   0x080026fe   0x00000002   PAD
    0x08002700   0x08002700   0x00000034   Code   RO          277    i.LCD_Clear         ili93xx.o
    0x08002734   0x08002734   0x000000d8   Code   RO          281    i.LCD_Display_Dir   ili93xx.o
    0x0800280c   0x0800280c   0x0000009a   Code   RO          282    i.LCD_DrawLine      ili93xx.o
    0x080028a6   0x080028a6   0x00000002   PAD
    0x080028a8   0x080028a8   0x0000001c   Code   RO          283    i.LCD_DrawPoint     ili93xx.o
    0x080028c4   0x080028c4   0x000000b0   Code   RO          285    i.LCD_Draw_Circle   ili93xx.o
    0x08002974   0x08002974   0x0000011c   Code   RO          286    i.LCD_Fast_DrawPoint  ili93xx.o
    0x08002a90   0x08002a90   0x00000010   Code   RO          288    i.LCD_Pow           ili93xx.o
    0x08002aa0   0x08002aa0   0x00000014   Code   RO          289    i.LCD_RD_DATA       ili93xx.o
    0x08002ab4   0x08002ab4   0x00000050   Code   RO          292    i.LCD_SSD_BackLightSet  ili93xx.o
    0x08002b04   0x08002b04   0x000001b8   Code   RO          293    i.LCD_Scan_Dir      ili93xx.o
    0x08002cbc   0x08002cbc   0x00000104   Code   RO          294    i.LCD_SetCursor     ili93xx.o
    0x08002dc0   0x08002dc0   0x000000e4   Code   RO          296    i.LCD_ShowChar      ili93xx.o
    0x08002ea4   0x08002ea4   0x00000054   Code   RO          298    i.LCD_ShowString    ili93xx.o
    0x08002ef8   0x08002ef8   0x00000086   Code   RO          299    i.LCD_ShowxNum      ili93xx.o
    0x08002f7e   0x08002f7e   0x00000018   Code   RO          300    i.LCD_WR_DATA       ili93xx.o
    0x08002f96   0x08002f96   0x00000018   Code   RO          301    i.LCD_WR_REG        ili93xx.o
    0x08002fae   0x08002fae   0x00000002   PAD
    0x08002fb0   0x08002fb0   0x00000014   Code   RO          303    i.LCD_WriteRAM_Prepare  ili93xx.o
    0x08002fc4   0x08002fc4   0x0000000c   Code   RO          304    i.LCD_WriteReg      ili93xx.o
    0x08002fd0   0x08002fd0   0x00000064   Code   RO          700    i.MX_ADC1_Init      adc.o
    0x08003034   0x08003034   0x0000003c   Code   RO          746    i.MX_DMA_Init       dma.o
    0x08003070   0x08003070   0x00000088   Code   RO          773    i.MX_FSMC_Init      fsmc.o
    0x080030f8   0x080030f8   0x00000130   Code   RO          674    i.MX_GPIO_Init      gpio.o
    0x08003228   0x08003228   0x00000048   Code   RO          820    i.MX_SPI1_Init      spi.o
    0x08003270   0x08003270   0x00000068   Code   RO          863    i.MX_TIM14_Init     tim.o
    0x080032d8   0x080032d8   0x0000009c   Code   RO          864    i.MX_TIM2_Init      tim.o
    0x08003374   0x08003374   0x00000044   Code   RO          865    i.MX_TIM7_Init      tim.o
    0x080033b8   0x080033b8   0x00000038   Code   RO          928    i.MX_USART1_UART_Init  usart.o
    0x080033f0   0x080033f0   0x00000002   Code   RO          974    i.MemManage_Handler  stm32f4xx_it.o
    0x080033f2   0x080033f2   0x00000002   Code   RO          975    i.NMI_Handler       stm32f4xx_it.o
    0x080033f4   0x080033f4   0x00000002   Code   RO          976    i.PendSV_Handler    stm32f4xx_it.o
    0x080033f6   0x080033f6   0x0000005c   Code   RO         2811    i.SPI_EndRxTransaction  stm32f4xx_hal_spi.o
    0x08003452   0x08003452   0x00000002   PAD
    0x08003454   0x08003454   0x00000058   Code   RO         2812    i.SPI_EndRxTxTransaction  stm32f4xx_hal_spi.o
    0x080034ac   0x080034ac   0x000000b8   Code   RO         2817    i.SPI_WaitFlagStateUntilTimeout  stm32f4xx_hal_spi.o
    0x08003564   0x08003564   0x00000002   Code   RO          977    i.SVC_Handler       stm32f4xx_it.o
    0x08003566   0x08003566   0x00000004   Code   RO          978    i.SysTick_Handler   stm32f4xx_it.o
    0x0800356a   0x0800356a   0x00000002   PAD
    0x0800356c   0x0800356c   0x00000094   Code   RO          595    i.SystemClock_Config  main.o
    0x08003600   0x08003600   0x00000010   Code   RO         4416    i.SystemInit        system_stm32f4xx.o
    0x08003610   0x08003610   0x00002304   Code   RO          305    i.TFTLCD_Init       ili93xx.o
    0x08005914   0x08005914   0x0000000c   Code   RO          979    i.TIM2_IRQHandler   stm32f4xx_it.o
    0x08005920   0x08005920   0x000000c8   Code   RO         3180    i.TIM_Base_SetConfig  stm32f4xx_hal_tim.o
    0x080059e8   0x080059e8   0x0000001a   Code   RO         3181    i.TIM_CCxChannelCmd  stm32f4xx_hal_tim.o
    0x08005a02   0x08005a02   0x00000014   Code   RO         3191    i.TIM_ETR_SetConfig  stm32f4xx_hal_tim.o
    0x08005a16   0x08005a16   0x00000010   Code   RO         3192    i.TIM_ITRx_SetConfig  stm32f4xx_hal_tim.o
    0x08005a26   0x08005a26   0x00000002   PAD
    0x08005a28   0x08005a28   0x00000060   Code   RO         3193    i.TIM_OC1_SetConfig  stm32f4xx_hal_tim.o
    0x08005a88   0x08005a88   0x0000006c   Code   RO         3194    i.TIM_OC2_SetConfig  stm32f4xx_hal_tim.o
    0x08005af4   0x08005af4   0x00000068   Code   RO         3195    i.TIM_OC3_SetConfig  stm32f4xx_hal_tim.o
    0x08005b5c   0x08005b5c   0x00000050   Code   RO         3196    i.TIM_OC4_SetConfig  stm32f4xx_hal_tim.o
    0x08005bac   0x08005bac   0x00000022   Code   RO         3198    i.TIM_TI1_ConfigInputStage  stm32f4xx_hal_tim.o
    0x08005bce   0x08005bce   0x00000024   Code   RO         3200    i.TIM_TI2_ConfigInputStage  stm32f4xx_hal_tim.o
    0x08005bf2   0x08005bf2   0x00000002   PAD
    0x08005bf4   0x08005bf4   0x00000464   Code   RO          489    i.TP_Adjust         touch.o
    0x08006058   0x08006058   0x00000070   Code   RO          491    i.TP_Drow_Touch_Point  touch.o
    0x080060c8   0x080060c8   0x0000009c   Code   RO          492    i.TP_Get_Adjdata    touch.o
    0x08006164   0x08006164   0x0000003c   Code   RO          493    i.TP_Init           touch.o
    0x080061a0   0x080061a0   0x000000c0   Code   RO          494    i.TP_Read_AD        touch.o
    0x08006260   0x08006260   0x00000064   Code   RO          495    i.TP_Read_XOY       touch.o
    0x080062c4   0x080062c4   0x00000028   Code   RO          496    i.TP_Read_XY        touch.o
    0x080062ec   0x080062ec   0x0000007a   Code   RO          497    i.TP_Read_XY2       touch.o
    0x08006366   0x08006366   0x00000002   PAD
    0x08006368   0x08006368   0x00000074   Code   RO          498    i.TP_Save_Adjdata   touch.o
    0x080063dc   0x080063dc   0x000000b0   Code   RO          499    i.TP_Scan           touch.o
    0x0800648c   0x0800648c   0x00000058   Code   RO          500    i.TP_Write_Byte     touch.o
    0x080064e4   0x080064e4   0x0000004a   Code   RO         4101    i.UART_DMAError     stm32f4xx_hal_uart.o
    0x0800652e   0x0800652e   0x00000082   Code   RO         4102    i.UART_DMAReceiveCplt  stm32f4xx_hal_uart.o
    0x080065b0   0x080065b0   0x0000001a   Code   RO         4104    i.UART_DMARxHalfCplt  stm32f4xx_hal_uart.o
    0x080065ca   0x080065ca   0x00000042   Code   RO         4106    i.UART_DMATransmitCplt  stm32f4xx_hal_uart.o
    0x0800660c   0x0800660c   0x0000000a   Code   RO         4108    i.UART_DMATxHalfCplt  stm32f4xx_hal_uart.o
    0x08006616   0x08006616   0x0000004e   Code   RO         4110    i.UART_EndRxTransfer  stm32f4xx_hal_uart.o
    0x08006664   0x08006664   0x0000001c   Code   RO         4111    i.UART_EndTxTransfer  stm32f4xx_hal_uart.o
    0x08006680   0x08006680   0x0000010c   Code   RO         4113    i.UART_SetConfig    stm32f4xx_hal_uart.o
    0x0800678c   0x0800678c   0x00000094   Code   RO         4114    i.UART_Start_Receive_DMA  stm32f4xx_hal_uart.o
    0x08006820   0x08006820   0x00000002   Code   RO          980    i.UsageFault_Handler  stm32f4xx_it.o
    0x08006822   0x08006822   0x00000002   PAD
    0x08006824   0x08006824   0x00000058   Code   RO           14    i.W25QXX_Erase_Sector  w25qxx.o
    0x0800687c   0x0800687c   0x00000020   Code   RO           15    i.W25QXX_Init       w25qxx.o
    0x0800689c   0x0800689c   0x00000078   Code   RO           17    i.W25QXX_Read       w25qxx.o
    0x08006914   0x08006914   0x0000005c   Code   RO           18    i.W25QXX_ReadID     w25qxx.o
    0x08006970   0x08006970   0x00000048   Code   RO           19    i.W25QXX_ReadSR     w25qxx.o
    0x080069b8   0x080069b8   0x0000000e   Code   RO           21    i.W25QXX_Wait_Busy  w25qxx.o
    0x080069c6   0x080069c6   0x00000002   PAD
    0x080069c8   0x080069c8   0x0000009c   Code   RO           22    i.W25QXX_Write      w25qxx.o
    0x08006a64   0x08006a64   0x0000003c   Code   RO           24    i.W25QXX_Write_Enable  w25qxx.o
    0x08006aa0   0x08006aa0   0x0000003e   Code   RO           25    i.W25QXX_Write_NoCheck  w25qxx.o
    0x08006ade   0x08006ade   0x00000002   PAD
    0x08006ae0   0x08006ae0   0x00000068   Code   RO           26    i.W25QXX_Write_Page  w25qxx.o
    0x08006b48   0x08006b48   0x00000020   Code   RO         2127    i.__NVIC_SetPriority  stm32f4xx_hal_cortex.o
    0x08006b68   0x08006b68   0x0000007a   Code   RO         4484    i.__hardfp_sqrt     m_wm.l(sqrt.o)
    0x08006be2   0x08006be2   0x00000002   PAD
    0x08006be4   0x08006be4   0x00000030   Code   RO          866    i.delay_us          tim.o
    0x08006c14   0x08006c14   0x0000010c   Code   RO          596    i.main              main.o
    0x08006d20   0x08006d20   0x00000018   Code   RO         4511    x$fpl$dcmpinf       fz_wm.l(dcmpi.o)
    0x08006d38   0x08006d38   0x0000005a   Code   RO         4466    x$fpl$dfixu         fz_wm.l(dfixu.o)
    0x08006d92   0x08006d92   0x00000026   Code   RO         4470    x$fpl$dfltu         fz_wm.l(dflt_clz.o)
    0x08006db8   0x08006db8   0x00000078   Code   RO         4476    x$fpl$dleqf         fz_wm.l(dleqf.o)
    0x08006e30   0x08006e30   0x00000154   Code   RO         4478    x$fpl$dmul          fz_wm.l(dmul.o)
    0x08006f84   0x08006f84   0x0000009c   Code   RO         4513    x$fpl$dnaninf       fz_wm.l(dnaninf.o)
    0x08007020   0x08007020   0x0000000c   Code   RO         4515    x$fpl$dretinf       fz_wm.l(dretinf.o)
    0x0800702c   0x0800702c   0x0000006c   Code   RO         4480    x$fpl$drleqf        fz_wm.l(drleqf.o)
    0x08007098   0x08007098   0x00000198   Code   RO         4517    x$fpl$dsqrt         fz_wm.l(dsqrt_umaal.o)
    0x08007230   0x08007230   0x00000056   Code   RO         4482    x$fpl$f2d           fz_wm.l(f2d.o)
    0x08007286   0x08007286   0x0000008c   Code   RO         4519    x$fpl$fnaninf       fz_wm.l(fnaninf.o)
    0x08007312   0x08007312   0x0000000a   Code   RO         4782    x$fpl$fpinit        fz_wm.l(fpinit.o)
    0x0800731c   0x0800731c   0x00000000   Code   RO         4523    x$fpl$usenofp       fz_wm.l(usenofp.o)
    0x0800731c   0x0800731c   0x00004740   Data   RO          309    .constdata          ili93xx.o
    0x0800ba5c   0x0800ba5c   0x00000008   Data   RO         1844    .constdata          stm32f4xx_hal_dma.o
    0x0800ba64   0x0800ba64   0x00000010   Data   RO         4417    .constdata          system_stm32f4xx.o
    0x0800ba74   0x0800ba74   0x00000008   Data   RO         4418    .constdata          system_stm32f4xx.o
    0x0800ba7c   0x0800ba7c   0x00000020   Data   RO         4863    Region$$Table       anon$$obj.o


    Execution Region RW_IRAM1 (Exec base: 0x20000000, Load base: 0x0800ba9c, Size: 0x000019b0, Max: 0x0001c000, ABSOLUTE)

    Exec Addr    Load Addr    Size         Type   Attr      Idx    E Section Name        Object

    0x20000000   0x0800ba9c   0x00000002   Data   RW           29    .data               w25qxx.o
    0x20000002   0x0800ba9e   0x00000002   PAD
    0x20000004   0x0800baa0   0x00000008   Data   RW          310    .data               ili93xx.o
    0x2000000c   0x0800baa8   0x00000040   Data   RW          501    .data               touch.o
    0x2000004c   0x0800bae8   0x00000009   Data   RW          598    .data               main.o
    0x20000055   0x0800baf1   0x00000003   PAD
    0x20000058   0x0800baf4   0x00000008   Data   RW          775    .data               fsmc.o
    0x20000060   0x0800bafc   0x0000000c   Data   RW         2271    .data               stm32f4xx_hal.o
    0x2000006c   0x0800bb08   0x00000004   Data   RW         4419    .data               system_stm32f4xx.o
    0x20000070        -       0x00001000   Zero   RW           28    .bss                w25qxx.o
    0x20001070        -       0x0000000e   Zero   RW          308    .bss                ili93xx.o
    0x2000107e   0x0800bb0c   0x00000002   PAD
    0x20001080        -       0x00000048   Zero   RW          702    .bss                adc.o
    0x200010c8        -       0x00000050   Zero   RW          774    .bss                fsmc.o
    0x20001118        -       0x00000058   Zero   RW          821    .bss                spi.o
    0x20001170        -       0x000000d8   Zero   RW          867    .bss                tim.o
    0x20001248        -       0x00000104   Zero   RW          929    .bss                usart.o
    0x2000134c        -       0x00000060   Zero   RW         4568    .bss                c_w.l(libspace.o)
    0x200013ac   0x0800bb0c   0x00000004   PAD
    0x200013b0        -       0x00000200   Zero   RW            2    HEAP                startup_stm32f407xx.o
    0x200015b0        -       0x00000400   Zero   RW            1    STACK               startup_stm32f407xx.o


    Execution Region RW_IRAM2 (Exec base: 0x2001c000, Load base: 0x0800bb0c, Size: 0x00000000, Max: 0x00004000, ABSOLUTE)

    **** No section assigned to this execution region ****


==============================================================================

Image component sizes


      Code (inc. data)   RO Data    RW Data    ZI Data      Debug   Object Name

       196         24          0          0         72       1657   adc.o
        60          4          0          0          0        754   dma.o
       308         32          0          8         80       2211   fsmc.o
       304         16          0          0          0       1115   gpio.o
     11216         94      18240          8         14      21254   ili93xx.o
       514         86          0          9          0       3968   main.o
       176         22          0          0         88       1637   spi.o
        64         26        392          0       1536        840   startup_stm32f407xx.o
       180         28          0         12          0       9369   stm32f4xx_hal.o
      1144         52          0          0          0       5829   stm32f4xx_hal_adc.o
       198         14          0          0          0      33923   stm32f4xx_hal_cortex.o
       902         16          8          0          0       5775   stm32f4xx_hal_dma.o
       540         52          0          0          0       3458   stm32f4xx_hal_gpio.o
        48          6          0          0          0        822   stm32f4xx_hal_msp.o
      1344         72          0          0          0       5216   stm32f4xx_hal_rcc.o
      1738         12          0          0          0       8450   stm32f4xx_hal_spi.o
        92          0          0          0          0       1212   stm32f4xx_hal_sram.o
      2178        166          0          0          0      18079   stm32f4xx_hal_tim.o
       148         28          0          0          0       2437   stm32f4xx_hal_tim_ex.o
      1118         38          0          0          0      11724   stm32f4xx_hal_uart.o
        62         18          0          0          0       5879   stm32f4xx_it.o
       232         14          0          0          0       3931   stm32f4xx_ll_fsmc.o
        16          4         24          4          0       1095   system_stm32f4xx.o
       612         66          0          0        216       4235   tim.o
      2286         94          0         64          0       9627   touch.o
       272         30          0          0        260       1840   usart.o
       800         70          0          2       4096     732606   w25qxx.o

    ----------------------------------------------------------------------
     26792       1084      18696        112       6364     898943   Object Totals
         0          0         32          0          0          0   (incl. Generated)
        44          0          0          5          2          0   (incl. Padding)

    ----------------------------------------------------------------------

      Code (inc. data)   RO Data    RW Data    ZI Data      Debug   Library Member Name

         8          0          0          0          0         68   __main.o
         0          0          0          0          0          0   __rtentry.o
        12          0          0          0          0          0   __rtentry2.o
         6          0          0          0          0          0   __rtentry4.o
        52          8          0          0          0          0   __scatter.o
        26          0          0          0          0          0   __scatter_copy.o
        28          0          0          0          0          0   __scatter_zi.o
        22          0          0          0          0        100   _rserrno.o
        18          0          0          0          0         80   exit.o
         6          0          0          0          0        152   heapauxi.o
         0          0          0          0          0          0   indicate_semi.o
         2          0          0          0          0          0   libinit.o
         6          0          0          0          0          0   libinit2.o
         2          0          0          0          0          0   libshutdown.o
         2          0          0          0          0          0   libshutdown2.o
         8          4          0          0         96         68   libspace.o
       238          0          0          0          0        100   lludivv7m.o
         8          4          0          0          0         68   rt_errno_addr_intlibspace.o
        78          0          0          0          0         80   rt_memclr_w.o
         2          0          0          0          0          0   rtexit.o
        10          0          0          0          0          0   rtexit2.o
        12          4          0          0          0         68   sys_exit.o
        74          0          0          0          0         80   sys_stackheap_outer.o
         2          0          0          0          0         68   use_no_semi.o
        24          0          0          0          0        116   dcmpi.o
        90          4          0          0          0        140   dfixu.o
        38          0          0          0          0        116   dflt_clz.o
       120          4          0          0          0        140   dleqf.o
       340         12          0          0          0        152   dmul.o
       156          4          0          0          0        140   dnaninf.o
        12          0          0          0          0        116   dretinf.o
       108          0          0          0          0        128   drleqf.o
       408         56          0          0          0        168   dsqrt_umaal.o
        86          4          0          0          0        132   f2d.o
       140          4          0          0          0        132   fnaninf.o
        10          0          0          0          0        116   fpinit.o
         0          0          0          0          0          0   usenofp.o
       122          0          0          0          0        148   sqrt.o

    ----------------------------------------------------------------------
      2284        108          0          0        100       2676   Library Totals
         8          0          0          0          4          0   (incl. Padding)

    ----------------------------------------------------------------------

      Code (inc. data)   RO Data    RW Data    ZI Data      Debug   Library Name

       622         20          0          0         96        932   c_w.l
      1532         88          0          0          0       1596   fz_wm.l
       122          0          0          0          0        148   m_wm.l

    ----------------------------------------------------------------------
      2284        108          0          0        100       2676   Library Totals

    ----------------------------------------------------------------------

==============================================================================


      Code (inc. data)   RO Data    RW Data    ZI Data      Debug   

     29076       1192      18696        112       6464     884455   Grand Totals
     29076       1192      18696        112       6464     884455   ELF Image Totals
     29076       1192      18696        112          0          0   ROM Totals

==============================================================================

    Total RO  Size (Code + RO Data)                47772 (  46.65kB)
    Total RW  Size (RW Data + ZI Data)              6576 (   6.42kB)
    Total ROM Size (Code + RO Data + RW Data)      47884 (  46.76kB)

==============================================================================

